Component: ARM Compiler 5.05 update 1 (build 106) Tool: armlink [4d0efa]

==============================================================================

Section Cross References

    main.o(i.MainTask) refers to rt_cmsis.o(i.osThreadCreate) for osThreadCreate
    main.o(i.MainTask) refers to hw_io.o(i.RX2_Clear) for RX2_Clear
    main.o(i.MainTask) refers to sim800h.o(i.Init_SIM800) for Init_SIM800
    main.o(i.MainTask) refers to main.o(i.crc16) for crc16
    main.o(i.MainTask) refers to hw_io.o(i.SIM800_Command) for SIM800_Command
    main.o(i.MainTask) refers to rt_cmsis.o(i.osDelay) for osDelay
    main.o(i.MainTask) refers to main.o(.constdata) for .constdata
    main.o(i.MainTask) refers to main.o(.data) for .data
    main.o(i.MainTask) refers to sim800h.o(.bss) for SIM800_Answer
    main.o(i.MainTask) refers to main.o(.bss) for .bss
    main.o(i.MainTask) refers to sim800h.o(.data) for SRV_CONNECT
    main.o(i.MainTask) refers to sim800h.o(.data) for SEND_DATA
    main.o(i.MainTask) refers to sim800h.o(.data) for END_LINE
    main.o(i.MainTask) refers to sim800h.o(.data) for GPRS_DISCONNECT
    main.o(i.ReadADTask) refers to hw_io.o(i.RX_Clear) for RX_Clear
    main.o(i.ReadADTask) refers to rt_cmsis.o(i.osDelay) for osDelay
    main.o(i.ReadADTask) refers to main.o(i.crc16) for crc16
    main.o(i.ReadADTask) refers to hw_io.o(i.RX2_Clear) for RX2_Clear
    main.o(i.ReadADTask) refers to hw_io.o(i.SIM800_Command) for SIM800_Command
    main.o(i.ReadADTask) refers to sim800h.o(.bss) for AD_Answer
    main.o(i.ReadADTask) refers to main.o(.data) for .data
    main.o(i.ReadADTask) refers to sim800h.o(.bss) for SIM800_Answer
    main.o(i.ReadADTask) refers to main.o(.bss) for .bss
    main.o(i.ReadADTask) refers to sim800h.o(.data) for SRV_CONNECT
    main.o(i.ReadADTask) refers to sim800h.o(.data) for SEND_DATA
    main.o(i.ReadADTask) refers to sim800h.o(.data) for END_LINE
    main.o(i.ReadADTask) refers to sim800h.o(.data) for GPRS_DISCONNECT
    main.o(i.Rx_Blink) refers to main.o(i.__ARM_common_switch8) for __ARM_common_switch8
    main.o(i.Rx_Blink) refers to rt_cmsis.o(i.osDelay) for osDelay
    main.o(i.Rx_Blink) refers to main.o(.data) for .data
    main.o(i.crc16) refers to main.o(.constdata) for .constdata
    main.o(i.main) refers to rt_cmsis.o(i.osKernelInitialize) for osKernelInitialize
    main.o(i.main) refers to hw_config.o(i.Init_Hardware) for Init_Hardware
    main.o(i.main) refers to sim800h.o(i.Init_SIM800) for Init_SIM800
    main.o(i.main) refers to rt_cmsis.o(i.osThreadCreate) for osThreadCreate
    main.o(i.main) refers to rt_cmsis.o(i.osKernelStart) for osKernelStart
    main.o(i.main) refers to main.o(.constdata) for .constdata
    main.o(i.main) refers to main.o(.data) for .data
    main.o(.constdata) refers to main.o(i.MainTask) for MainTask
    main.o(.constdata) refers to main.o(i.ReadADTask) for ReadADTask
    main.o(.constdata) refers to main.o(i.Rx_Blink) for Rx_Blink
    hw_config.o(i.Init_AD_line) refers to sim800h.o(.bss) for AD_Answer
    hw_config.o(i.Init_Hardware) refers to hw_config.o(i.Init_Core) for Init_Core
    hw_config.o(i.Init_Hardware) refers to hw_config.o(i.Init_SIM800_line) for Init_SIM800_line
    hw_config.o(i.Init_Hardware) refers to hw_config.o(i.Configure_GPIO) for Configure_GPIO
    hw_config.o(i.Init_Hardware) refers to hw_config.o(i.Init_AD_line) for Init_AD_line
    hw_config.o(i.Init_Hardware) refers to hw_config.o(i.Init_Interrupts) for Init_Interrupts
    hw_config.o(i.Init_Hardware) refers to hw_config.o(i.Configure_GPIO_LED) for Configure_GPIO_LED
    hw_config.o(i.Init_Interrupts) refers to hw_config.o(i.NVIC_SetPriority) for NVIC_SetPriority
    hw_config.o(i.Init_SIM800_line) refers to sim800h.o(.bss) for SIM800_data
    hw_config.o(i.Init_SIM800_line) refers to sim800h.o(.bss) for SIM800_Answer
    sim800h.o(i.Init_SIM800) refers to hw_io.o(i.SIM800_Command) for SIM800_Command
    sim800h.o(i.Init_SIM800) refers to rt_cmsis.o(i.osDelay) for osDelay
    sim800h.o(i.Init_SIM800) refers to sim800h.o(.data) for .data
    sim800h.o(i.Init_SIM800) refers to sim800h.o(.bss) for .bss
    hw_io.o(i.RX2_Clear) refers to aeabi_memset.o(.text) for __aeabi_memset
    hw_io.o(i.RX2_Clear) refers to sim800h.o(.bss) for SIM800_Answer
    hw_io.o(i.RX_Clear) refers to aeabi_memset.o(.text) for __aeabi_memset
    hw_io.o(i.RX_Clear) refers to sim800h.o(.bss) for AD_Answer
    hw_io.o(i.SIM800_Command) refers to aeabi_memset.o(.text) for __aeabi_memset
    hw_io.o(i.SIM800_Command) refers to sim800h.o(.bss) for SIM800_Answer
    rtx_conf_cm.o(.emb_text) refers to sys_stackheap_outer.o(.text) for __user_setup_stackheap
    rtx_conf_cm.o(.emb_text) refers to libinit.o(.ARM.Collect$$libinit$$00000000) for __rt_lib_init
    rtx_conf_cm.o(.emb_text) refers to rt_cmsis.o(i.osKernelInitialize) for osKernelInitialize
    rtx_conf_cm.o(.emb_text) refers to rt_cmsis.o(i.osThreadCreate) for osThreadCreate
[...]
    rtexit2.o(.ARM.exidx) refers to rtexit2.o(.ARM.Collect$$rtexit$$00000003) for .ARM.Collect$$rtexit$$00000003
    rtexit2.o(.ARM.exidx) refers to rtexit2.o(.ARM.Collect$$rtexit$$00000004) for .ARM.Collect$$rtexit$$00000004
    rt_div0.o(.text) refers to defsig_fpe_outer.o(.text) for __rt_SIGFPE
    sys_exit.o(.text) refers (Special) to use_no_semi.o(.text) for __I$use$semihosting
    sys_exit.o(.text) refers (Special) to indicate_semi.o(.text) for __semihosting_library_function
    defsig_fpe_outer.o(.text) refers to defsig_fpe_inner.o(.text) for __rt_SIGFPE_inner
    defsig_fpe_outer.o(.text) refers to defsig_exit.o(.text) for __sig_exit
    defsig_fpe_formal.o(.text) refers to rt_raise.o(.text) for __rt_raise
    _get_argv_nomalloc.o(.text) refers (Special) to hrguard.o(.text) for __heap_region$guard
    _get_argv_nomalloc.o(.text) refers to defsig_rtmem_outer.o(.text) for __rt_SIGRTMEM
    _get_argv_nomalloc.o(.text) refers to sys_command.o(.text) for _sys_command_string
    libshutdown.o(.ARM.Collect$$libshutdown$$00000000) refers (Special) to libshutdown2.o(.ARM.Collect$$libshutdown$$00000006) for __rt_lib_shutdown_fp_trap_1
    libshutdown.o(.ARM.Collect$$libshutdown$$00000000) refers (Special) to libshutdown2.o(.ARM.Collect$$libshutdown$$0000000E) for __rt_lib_shutdown_heap_1
    libshutdown.o(.ARM.Collect$$libshutdown$$00000000) refers (Special) to libshutdown2.o(.ARM.Collect$$libshutdown$$0000000F) for __rt_lib_shutdown_return
    libshutdown.o(.ARM.Collect$$libshutdown$$00000000) refers (Special) to libshutdown2.o(.ARM.Collect$$libshutdown$$00000009) for __rt_lib_shutdown_signal_1
    libshutdown.o(.ARM.Collect$$libshutdown$$00000000) refers (Special) to libshutdown2.o(.ARM.Collect$$libshutdown$$00000003) for __rt_lib_shutdown_stdio_1
    libshutdown.o(.ARM.Collect$$libshutdown$$00000000) refers (Special) to libshutdown2.o(.ARM.Collect$$libshutdown$$0000000B) for __rt_lib_shutdown_user_alloc_1
    sys_command.o(.text) refers (Special) to use_no_semi.o(.text) for __I$use$semihosting
    sys_command.o(.text) refers (Special) to indicate_semi.o(.text) for __semihosting_library_function
    rt_raise.o(.text) refers to __raise.o(.text) for __raise
    rt_raise.o(.text) refers to sys_exit.o(.text) for _sys_exit
    defsig_exit.o(.text) refers to sys_exit.o(.text) for _sys_exit
    defsig_fpe_inner.o(.text) refers to defsig_general.o(.text) for __default_signal_display
    defsig_rtmem_outer.o(.text) refers to defsig_rtmem_inner.o(.text) for __rt_SIGRTMEM_inner
    defsig_rtmem_outer.o(.text) refers to defsig_exit.o(.text) for __sig_exit
    defsig_rtmem_formal.o(.text) refers to rt_raise.o(.text) for __rt_raise
    __raise.o(.text) refers to defsig.o(CL$$defsig) for __default_signal_handler
    defsig_general.o(.text) refers to sys_wrch.o(.text) for _ttywrch
    defsig_rtmem_inner.o(.text) refers to defsig_general.o(.text) for __default_signal_display
    sys_wrch.o(.text) refers (Special) to use_no_semi.o(.text) for __I$use$semihosting
    sys_wrch.o(.text) refers (Special) to indicate_semi.o(.text) for __semihosting_library_function
    defsig.o(CL$$defsig) refers to defsig_fpe_inner.o(.text) for __rt_SIGFPE_inner
    defsig.o(CL$$defsig) refers to defsig_rtmem_inner.o(.text) for __rt_SIGRTMEM_inner
    defsig_abrt_inner.o(.text) refers to defsig_general.o(.text) for __default_signal_display
    defsig_rtred_inner.o(.text) refers to defsig_general.o(.text) for __default_signal_display
    defsig_stak_inner.o(.text) refers to defsig_general.o(.text) for __default_signal_display
    defsig_pvfn_inner.o(.text) refers to defsig_general.o(.text) for __default_signal_display
    defsig_cppl_inner.o(.text) refers to defsig_general.o(.text) for __default_signal_display
    defsig_segv_inner.o(.text) refers to defsig_general.o(.text) for __default_signal_display
    defsig_other.o(.text) refers to defsig_general.o(.text) for __default_signal_display


==============================================================================

Removing Unused input sections from the image.

    Removing main.o(.rev16_text), (4 bytes).
    Removing main.o(.revsh_text), (4 bytes).
    Removing main.o(.data), (2 bytes).
    Removing main.o(.data), (2 bytes).
    Removing main.o(.data), (2 bytes).
    Removing hw_config.o(.rev16_text), (4 bytes).
    Removing hw_config.o(.revsh_text), (4 bytes).
    Removing sim800h.o(.rev16_text), (4 bytes).
    Removing sim800h.o(.revsh_text), (4 bytes).
    Removing sim800h.o(.data), (10 bytes).
    Removing hw_io.o(.rev16_text), (4 bytes).
    Removing hw_io.o(.revsh_text), (4 bytes).
    Removing rtx_conf_cm.o(i.__user_perthread_libspace), (48 bytes).
    Removing rtx_conf_cm.o(i._mutex_initialize), (44 bytes).
    Removing rtx_conf_cm.o(.bss), (704 bytes).
    Removing rtx_conf_cm.o(.constdata), (4 bytes).
    Removing rtx_conf_cm.o(.constdata), (2 bytes).
    Removing rtx_conf_cm.o(.constdata), (2 bytes).
    Removing rtx_conf_cm.o(.data), (4 bytes).
    Removing rtx_conf_cm.o(.data), (4 bytes).
    Removing system_stm32l0xx.o(.rev16_text), (4 bytes).
    Removing system_stm32l0xx.o(.revsh_text), (4 bytes).
    Removing system_stm32l0xx.o(i.SystemCoreClockUpdate), (148 bytes).
    Removing system_stm32l0xx.o(.data), (29 bytes).
    Removing rt_cmsis.o(.rev16_text), (4 bytes).
    Removing rt_cmsis.o(.revsh_text), (4 bytes).
    Removing rt_cmsis.o(i.osKernelRunning), (40 bytes).
    Removing rt_cmsis.o(i.osKernelSysTick), (28 bytes).
    Removing rt_cmsis.o(i.osMailAlloc), (36 bytes).
    Removing rt_cmsis.o(i.osMailCAlloc), (36 bytes).
    Removing rt_cmsis.o(i.osMailCreate), (52 bytes).
    Removing rt_cmsis.o(i.osMailFree), (32 bytes).
    Removing rt_cmsis.o(i.osMailGet), (24 bytes).
    Removing rt_cmsis.o(i.osMailPut), (28 bytes).
    Removing rt_cmsis.o(i.osMessageCreate), (52 bytes).
    Removing rt_cmsis.o(i.osMessageGet), (72 bytes).
    Removing rt_cmsis.o(i.osMessagePut), (28 bytes).
    Removing rt_cmsis.o(i.osMutexCreate), (52 bytes).
    Removing rt_cmsis.o(i.osMutexDelete), (28 bytes).
    Removing rt_cmsis.o(i.osMutexRelease), (28 bytes).
    Removing rt_cmsis.o(i.osMutexWait), (28 bytes).
    Removing rt_cmsis.o(i.osPoolAlloc), (40 bytes).
    Removing rt_cmsis.o(i.osPoolCAlloc), (40 bytes).
    Removing rt_cmsis.o(i.osPoolCreate), (52 bytes).
    Removing rt_cmsis.o(i.osPoolFree), (36 bytes).
    Removing rt_cmsis.o(i.osSemaphoreCreate), (52 bytes).
    Removing rt_cmsis.o(i.osSemaphoreDelete), (28 bytes).
    Removing rt_cmsis.o(i.osSemaphoreRelease), (64 bytes).
    Removing rt_cmsis.o(i.osSemaphoreWait), (28 bytes).
    Removing rt_cmsis.o(i.osSignalClear), (28 bytes).
    Removing rt_cmsis.o(i.osSignalSet), (56 bytes).
    Removing rt_cmsis.o(i.osSignalWait), (28 bytes).
    Removing rt_cmsis.o(i.osThreadGetId), (28 bytes).
    Removing rt_cmsis.o(i.osThreadGetPriority), (28 bytes).
    Removing rt_cmsis.o(i.osThreadSetPriority), (28 bytes).
    Removing rt_cmsis.o(i.osThreadTerminate), (28 bytes).
    Removing rt_cmsis.o(i.osThreadYield), (28 bytes).
    Removing rt_cmsis.o(i.osTimerCall), (16 bytes).
    Removing rt_cmsis.o(i.osTimerCreate), (52 bytes).
    Removing rt_cmsis.o(i.osTimerDelete), (28 bytes).
    Removing rt_cmsis.o(i.osTimerStart), (28 bytes).
    Removing rt_cmsis.o(i.osTimerStop), (28 bytes).
    Removing rt_cmsis.o(i.osTimerThread), (44 bytes).
    Removing rt_cmsis.o(i.osWait), (4 bytes).
    Removing rt_cmsis.o(i.os_resume), (16 bytes).
    Removing rt_cmsis.o(i.os_suspend), (16 bytes).
    Removing rt_cmsis.o(i.rt_clr_box), (20 bytes).
    Removing rt_cmsis.o(i.rt_id2obj), (8 bytes).
    Removing rt_cmsis.o(i.rt_timer_remove), (68 bytes).
    Removing rt_cmsis.o(i.svcKernelRunning), (12 bytes).
    Removing rt_cmsis.o(i.svcKernelSysTick), (56 bytes).
    Removing rt_cmsis.o(i.svcMailCreate), (78 bytes).
    Removing rt_cmsis.o(i.svcMessageGet), (60 bytes).
    Removing rt_cmsis.o(i.svcMessagePut), (56 bytes).
    Removing rt_cmsis.o(i.svcMutexCreate), (32 bytes).
    Removing rt_cmsis.o(i.svcMutexDelete), (28 bytes).
    Removing rt_cmsis.o(i.svcMutexRelease), (36 bytes).
    Removing rt_cmsis.o(i.svcMutexWait), (56 bytes).
    Removing rt_cmsis.o(i.svcPoolCreate), (46 bytes).
    Removing rt_cmsis.o(i.svcSemaphoreCreate), (44 bytes).
    Removing rt_cmsis.o(i.svcSemaphoreDelete), (28 bytes).
    Removing rt_cmsis.o(i.svcSemaphoreRelease), (44 bytes).
    Removing rt_cmsis.o(i.svcSemaphoreWait), (52 bytes).
    Removing rt_cmsis.o(i.svcSignalClear), (38 bytes).
    Removing rt_cmsis.o(i.svcSignalSet), (38 bytes).
    Removing rt_cmsis.o(i.svcSignalWait), (92 bytes).
    Removing rt_cmsis.o(i.svcThreadGetPriority), (20 bytes).
    Removing rt_cmsis.o(i.svcThreadSetPriority), (48 bytes).
    Removing rt_cmsis.o(i.svcThreadYield), (10 bytes).
    Removing rt_cmsis.o(i.svcTimerCall), (28 bytes).
    Removing rt_cmsis.o(i.svcTimerCreate), (64 bytes).
    Removing rt_cmsis.o(i.svcTimerDelete), (40 bytes).
    Removing rt_cmsis.o(i.svcTimerStart), (74 bytes).
    Removing rt_cmsis.o(i.svcTimerStop), (38 bytes).
    Removing rt_cmsis.o(i.sysMailAlloc), (120 bytes).
    Removing rt_cmsis.o(i.sysMailFree), (106 bytes).
    Removing rt_cmsis.o(i.sysPoolAlloc), (34 bytes).
    Removing rt_cmsis.o(i.sysPoolFree), (22 bytes).
    Removing rt_cmsis.o(i.sysUserTimerUpdate), (48 bytes).
    Removing rt_cmsis.o(i.sysUserTimerWakeupTime), (24 bytes).
    Removing rt_task.o(i.rt_tsk_pass), (44 bytes).
    Removing rt_mutex.o(i.rt_mut_delete), (180 bytes).
    Removing rt_mutex.o(i.rt_mut_init), (16 bytes).
    Removing rt_system.o(.emb_text), (0 bytes).
    Removing rt_system.o(i.os_tick_ovf), (16 bytes).
    Removing rt_system.o(i.os_tick_val), (20 bytes).
    Removing rt_system.o(i.rt_resume), (136 bytes).
    Removing rt_system.o(i.rt_suspend), (40 bytes).
    Removing rt_system.o(i.rt_tsk_lock), (84 bytes).
    Removing rt_system.o(i.rt_tsk_unlock), (84 bytes).
    Removing rt_event.o(i.isr_evt_set), (36 bytes).
    Removing rt_event.o(i.rt_evt_clr), (28 bytes).
    Removing rt_event.o(i.rt_evt_get), (12 bytes).
    Removing rt_event.o(i.rt_evt_set), (92 bytes).
    Removing rt_event.o(i.rt_evt_wait), (64 bytes).
    Removing rt_list.o(i.rt_get_same_rdy_prio), (36 bytes).
    Removing rt_mailbox.o(i.isr_mbx_receive), (70 bytes).
    Removing rt_mailbox.o(i.rt_mbx_send), (148 bytes).
    Removing rt_mailbox.o(i.rt_mbx_wait), (176 bytes).
    Removing rt_semaphore.o(i.isr_sem_send), (14 bytes).
    Removing rt_semaphore.o(i.rt_sem_delete), (96 bytes).
    Removing rt_semaphore.o(i.rt_sem_init), (12 bytes).
    Removing rt_semaphore.o(i.rt_sem_send), (44 bytes).
    Removing rt_semaphore.o(i.rt_sem_wait), (68 bytes).
    Removing rt_time.o(i.rt_itv_set), (24 bytes).
    Removing rt_time.o(i.rt_itv_wait), (44 bytes).
    Removing rt_time.o(i.rt_time_get), (12 bytes).
    Removing rt_membox.o(i._calloc_box), (30 bytes).

128 unused section(s) (total 5635 bytes) removed from the image.

==============================================================================

Image Symbol Table

    Local Symbols

    Symbol Name                              Value     Ov Type        Size  Object(Section)

    ../clib/angel/boardlib.s                 0x00000000   Number         0  boardshut.o ABSOLUTE
    ../clib/angel/handlers.s                 0x00000000   Number         0  __scatter_copy.o ABSOLUTE
    ../clib/angel/handlers.s                 0x00000000   Number         0  __scatter_zi.o ABSOLUTE
    ../clib/angel/kernel.s                   0x00000000   Number         0  rtexit.o ABSOLUTE
    ../clib/angel/kernel.s                   0x00000000   Number         0  rtexit2.o ABSOLUTE
    ../clib/angel/rt.s                       0x00000000   Number         0  rt_div0.o ABSOLUTE
    ../clib/angel/rt.s                       0x00000000   Number         0  rt_raise.o ABSOLUTE
    ../clib/angel/rt.s                       0x00000000   Number         0  aeabi_idiv0_sigfpe.o ABSOLUTE
    ../clib/angel/rt.s                       0x00000000   Number         0  aeabi_idiv0.o ABSOLUTE
    ../clib/angel/scatterp.s                 0x00000000   Number         0  __scatter.o ABSOLUTE
    ../clib/angel/startup.s                  0x00000000   Number         0  __main.o ABSOLUTE
    ../clib/angel/sys.s                      0x00000000   Number         0  tempstk.o ABSOLUTE
    ../clib/angel/sys.s                      0x00000000   Number         0  libspace.o ABSOLUTE
    ../clib/angel/sys.s                      0x00000000   Number         0  indicate_semi.o ABSOLUTE
    ../clib/angel/sys.s                      0x00000000   Number         0  use_no_semi.o ABSOLUTE
    ../clib/angel/sys.s                      0x00000000   Number         0  sys_stackheap_outer.o ABSOLUTE
    ../clib/angel/sysapp.c                   0x00000000   Number         0  sys_exit.o ABSOLUTE
    ../clib/angel/sysapp.c                   0x00000000   Number         0  sys_command.o ABSOLUTE
    ../clib/angel/sysapp.c                   0x00000000   Number         0  sys_wrch.o ABSOLUTE
    ../clib/armsys.c                         0x00000000   Number         0  no_argv.o ABSOLUTE
    ../clib/armsys.c                         0x00000000   Number         0  _get_argv_nomalloc.o ABSOLUTE
    ../clib/armsys.c                         0x00000000   Number         0  argv_veneer.o ABSOLUTE
    ../clib/division.s                       0x00000000   Number         0  aeabi_sdiv.o ABSOLUTE
    ../clib/division.s                       0x00000000   Number         0  aeabi_sdiv_div0.o ABSOLUTE
    ../clib/heapalloc.c                      0x00000000   Number         0  hrguard.o ABSOLUTE
    ../clib/heapaux.c                        0x00000000   Number         0  heapauxi.o ABSOLUTE
    ../clib/libinit.s                        0x00000000   Number         0  libshutdown.o ABSOLUTE
    ../clib/libinit.s                        0x00000000   Number         0  libinit.o ABSOLUTE
    ../clib/libinit.s                        0x00000000   Number         0  libshutdown2.o ABSOLUTE
    ../clib/libinit.s                        0x00000000   Number         0  libinit2.o ABSOLUTE
    ../clib/memcpset.c                       0x00000000   Number         0  aeabi_memset.o ABSOLUTE
    ../clib/memcpset.c                       0x00000000   Number         0  rt_memclr.o ABSOLUTE
    ../clib/signal.c                         0x00000000   Number         0  defsig_pvfn_inner.o ABSOLUTE
    ../clib/signal.c                         0x00000000   Number         0  defsig_stak_inner.o ABSOLUTE
    ../clib/signal.c                         0x00000000   Number         0  defsig_rtred_inner.o ABSOLUTE
    ../clib/signal.c                         0x00000000   Number         0  defsig_rtmem_outer.o ABSOLUTE
    ../clib/signal.c                         0x00000000   Number         0  defsig_fpe_inner.o ABSOLUTE
    ../clib/signal.c                         0x00000000   Number         0  defsig_exit.o ABSOLUTE
    ../clib/signal.c                         0x00000000   Number         0  defsig_rtmem_inner.o ABSOLUTE
    ../clib/signal.c                         0x00000000   Number         0  defsig_fpe_formal.o ABSOLUTE
    ../clib/signal.c                         0x00000000   Number         0  defsig_fpe_outer.o ABSOLUTE
    ../clib/signal.c                         0x00000000   Number         0  defsig_general.o ABSOLUTE
    ../clib/signal.c                         0x00000000   Number         0  __raise.o ABSOLUTE
    ../clib/signal.c                         0x00000000   Number         0  defsig_rtmem_formal.o ABSOLUTE
    ../clib/signal.c                         0x00000000   Number         0  defsig_abrt_inner.o ABSOLUTE
    ../clib/signal.c                         0x00000000   Number         0  defsig_other.o ABSOLUTE
    ../clib/signal.c                         0x00000000   Number         0  defsig_segv_inner.o ABSOLUTE
    ../clib/signal.c                         0x00000000   Number         0  defsig_cppl_inner.o ABSOLUTE
    ../clib/signal.s                         0x00000000   Number         0  defsig.o ABSOLUTE
    ../clib/stdlib.c                         0x00000000   Number         0  exit.o ABSOLUTE
    ../fplib/cfplib/fpinit.c                 0x00000000   Number         0  fpinit.o ABSOLUTE
    ..\HAL_CM.c                              0x00000000   Number         0  hal_cm.o ABSOLUTE
    ..\USER\AD.c                             0x00000000   Number         0  ad.o ABSOLUTE
    ..\USER\SIM800h.c                        0x00000000   Number         0  sim800h.o ABSOLUTE
    ..\USER\hw_config.c                      0x00000000   Number         0  hw_config.o ABSOLUTE
    ..\USER\hw_io.c                          0x00000000   Number         0  hw_io.o ABSOLUTE
    ..\USER\main.c                           0x00000000   Number         0  main.o ABSOLUTE
    ..\\USER\\SIM800h.c                      0x00000000   Number         0  sim800h.o ABSOLUTE
    ..\\USER\\hw_config.c                    0x00000000   Number         0  hw_config.o ABSOLUTE
    ..\\USER\\hw_io.c                        0x00000000   Number         0  hw_io.o ABSOLUTE
    ..\\USER\\main.c                         0x00000000   Number         0  main.o ABSOLUTE
    ..\\rt_CMSIS.c                           0x00000000   Number         0  rt_cmsis.o ABSOLUTE
    ..\\rt_System.c                          0x00000000   Number         0  rt_system.o ABSOLUTE
    ..\rt_CMSIS.c                            0x00000000   Number         0  rt_cmsis.o ABSOLUTE
    ..\rt_Event.c                            0x00000000   Number         0  rt_event.o ABSOLUTE
    ..\rt_List.c                             0x00000000   Number         0  rt_list.o ABSOLUTE
    ..\rt_Mailbox.c                          0x00000000   Number         0  rt_mailbox.o ABSOLUTE
    ..\rt_MemBox.c                           0x00000000   Number         0  rt_membox.o ABSOLUTE
    ..\rt_Memory.c                           0x00000000   Number         0  rt_memory.o ABSOLUTE
    ..\rt_Mutex.c                            0x00000000   Number         0  rt_mutex.o ABSOLUTE
    ..\rt_Robin.c                            0x00000000   Number         0  rt_robin.o ABSOLUTE
    ..\rt_Semaphore.c                        0x00000000   Number         0  rt_semaphore.o ABSOLUTE
    ..\rt_System.c                           0x00000000   Number         0  rt_system.o ABSOLUTE
    ..\rt_Task.c                             0x00000000   Number         0  rt_task.o ABSOLUTE
    ..\rt_Time.c                             0x00000000   Number         0  rt_time.o ABSOLUTE
    HAL_CM0.c                                0x00000000   Number         0  hal_cm0.o ABSOLUTE
    HAL_CM0.c                                0x00000000   Number         0  hal_cm0.o ABSOLUTE
    RTE\CMSIS\RTX_Conf_CM.c                  0x00000000   Number         0  rtx_conf_cm.o ABSOLUTE
    RTE\Device\STM32L053C8\startup_stm32l053xx.s 0x00000000   Number         0  startup_stm32l053xx.o ABSOLUTE
    RTE\Device\STM32L053C8\system_stm32l0xx.c 0x00000000   Number         0  system_stm32l0xx.o ABSOLUTE
    RTE\\CMSIS\\RTX_Conf_CM.c                0x00000000   Number         0  rtx_conf_cm.o ABSOLUTE
    RTE\\Device\\STM32L053C8\\system_stm32l0xx.c 0x00000000   Number         0  system_stm32l0xx.o ABSOLUTE
    SVC_Table.s                              0x00000000   Number         0  svc_table.o ABSOLUTE
    dc.s                                     0x00000000   Number         0  dc.o ABSOLUTE
    RESET                                    0x08000000   Section      192  startup_stm32l053xx.o(RESET)
    !!!main                                  0x080000c0   Section        8  __main.o(!!!main)
    !!!scatter                               0x080000c8   Section       60  __scatter.o(!!!scatter)
    !!handler_copy                           0x08000104   Section       26  __scatter_copy.o(!!handler_copy)
    !!handler_zi                             0x08000120   Section       28  __scatter_zi.o(!!handler_zi)
    .ARM.Collect$$libinit$$00000000          0x0800013c   Section        2  libinit.o(.ARM.Collect$$libinit$$00000000)
    .ARM.Collect$$libinit$$00000002          0x0800013e   Section        0  libinit2.o(.ARM.Collect$$libinit$$00000002)
    .ARM.Collect$$libinit$$00000004          0x0800013e   Section        0  libinit2.o(.ARM.Collect$$libinit$$00000004)
    .ARM.Collect$$libinit$$0000000A          0x0800013e   Section        0  libinit2.o(.ARM.Collect$$libinit$$0000000A)
    .ARM.Collect$$libinit$$0000000C          0x0800013e   Section        0  libinit2.o(.ARM.Collect$$libinit$$0000000C)
    .ARM.Collect$$libinit$$0000000E          0x0800013e   Section        0  libinit2.o(.ARM.Collect$$libinit$$0000000E)
    .ARM.Collect$$libinit$$00000011          0x0800013e   Section        0  libinit2.o(.ARM.Collect$$libinit$$00000011)
    .ARM.Collect$$libinit$$00000013          0x0800013e   Section        0  libinit2.o(.ARM.Collect$$libinit$$00000013)
    .ARM.Collect$$libinit$$00000015          0x0800013e   Section        0  libinit2.o(.ARM.Collect$$libinit$$00000015)
    .ARM.Collect$$libinit$$00000017          0x0800013e   Section        0  libinit2.o(.ARM.Collect$$libinit$$00000017)
    .ARM.Collect$$libinit$$00000019          0x0800013e   Section        0  libinit2.o(.ARM.Collect$$libinit$$00000019)
    .ARM.Collect$$libinit$$0000001B          0x0800013e   Section        0  libinit2.o(.ARM.Collect$$libinit$$0000001B)
    .ARM.Collect$$libinit$$0000001D          0x0800013e   Section        0  libinit2.o(.ARM.Collect$$libinit$$0000001D)
    .ARM.Collect$$libinit$$0000001F          0x0800013e   Section        0  libinit2.o(.ARM.Collect$$libinit$$0000001F)
    .ARM.Collect$$libinit$$00000021          0x0800013e   Section        0  libinit2.o(.ARM.Collect$$libinit$$00000021)
    .ARM.Collect$$libinit$$00000023          0x0800013e   Section        0  libinit2.o(.ARM.Collect$$libinit$$00000023)
    .ARM.Collect$$libinit$$00000025          0x0800013e   Section        0  libinit2.o(.ARM.Collect$$libinit$$00000025)
    .ARM.Collect$$libinit$$0000002C          0x0800013e   Section        0  libinit2.o(.ARM.Collect$$libinit$$0000002C)
    .ARM.Collect$$libinit$$0000002E          0x0800013e   Section        0  libinit2.o(.ARM.Collect$$libinit$$0000002E)
    .ARM.Collect$$libinit$$00000030          0x0800013e   Section        0  libinit2.o(.ARM.Collect$$libinit$$00000030)
    .ARM.Collect$$libinit$$00000032          0x0800013e   Section        0  libinit2.o(.ARM.Collect$$libinit$$00000032)
    .ARM.Collect$$libinit$$00000033          0x0800013e   Section        2  libinit2.o(.ARM.Collect$$libinit$$00000033)
    .ARM.Collect$$libshutdown$$00000000      0x08000140   Section        2  libshutdown.o(.ARM.Collect$$libshutdown$$00000000)
    .ARM.Collect$$libshutdown$$00000003      0x08000142   Section        0  libshutdown2.o(.ARM.Collect$$libshutdown$$00000003)
    .ARM.Collect$$libshutdown$$00000006      0x08000142   Section        0  libshutdown2.o(.ARM.Collect$$libshutdown$$00000006)
    .ARM.Collect$$libshutdown$$00000009      0x08000142   Section        0  libshutdown2.o(.ARM.Collect$$libshutdown$$00000009)
    .ARM.Collect$$libshutdown$$0000000B      0x08000142   Section        0  libshutdown2.o(.ARM.Collect$$libshutdown$$0000000B)
    .ARM.Collect$$libshutdown$$0000000E      0x08000142   Section        0  libshutdown2.o(.ARM.Collect$$libshutdown$$0000000E)
    .ARM.Collect$$libshutdown$$0000000F      0x08000142   Section        2  libshutdown2.o(.ARM.Collect$$libshutdown$$0000000F)
    .ARM.Collect$$rtexit$$00000000           0x08000144   Section        2  rtexit.o(.ARM.Collect$$rtexit$$00000000)
    .ARM.Collect$$rtexit$$00000002           0x08000146   Section        0  rtexit2.o(.ARM.Collect$$rtexit$$00000002)
    .ARM.Collect$$rtexit$$00000003           0x08000146   Section        4  rtexit2.o(.ARM.Collect$$rtexit$$00000003)
    .ARM.Collect$$rtexit$$00000004           0x0800014a   Section        6  rtexit2.o(.ARM.Collect$$rtexit$$00000004)
    .emb_text                                0x08000150   Section       36  rtx_conf_cm.o(.emb_text)
    .emb_text                                0x08000174   Section      356  hal_cm0.o(.emb_text)
    .text                                    0x080002d8   Section       60  startup_stm32l053xx.o(.text)
    .text                                    0x08000314   Section        8  libspace.o(.text)
    .text                                    0x0800031c   Section       62  sys_stackheap_outer.o(.text)
    .text                                    0x0800035a   Section        0  exit.o(.text)
    .text                                    0x08000366   Section        0  aeabi_memset.o(.text)
    .text                                    0x08000378   Section      346  aeabi_sdiv.o(.text)
    .text                                    0x080004d2   Section        0  heapauxi.o(.text)
    .text                                    0x080004d8   Section        0  rt_memclr.o(.text)
    .text                                    0x08000518   Section        0  sys_exit.o(.text)
    .text                                    0x08000524   Section        2  use_no_semi.o(.text)
    .text                                    0x08000526   Section        0  indicate_semi.o(.text)
    SVC_TABLE                                0x08000528   Section        4  svc_table.o(SVC_TABLE)
    i.Configure_GPIO                         0x0800052c   Section        0  hw_config.o(i.Configure_GPIO)
    i.Configure_GPIO_LED                     0x08000548   Section        0  hw_config.o(i.Configure_GPIO_LED)
    i.DMA1_Channel2_3_IRQHandler             0x0800057c   Section        0  hw_config.o(i.DMA1_Channel2_3_IRQHandler)
    i.DMA1_Channel4_5_6_7_IRQHandler         0x080005bc   Section        0  hw_config.o(i.DMA1_Channel4_5_6_7_IRQHandler)
    i.Init_AD_line                           0x08000604   Section        0  hw_config.o(i.Init_AD_line)
    i.Init_Core                              0x08000688   Section        0  hw_config.o(i.Init_Core)
    i.Init_Hardware                          0x08000750   Section        0  hw_config.o(i.Init_Hardware)
    i.Init_Interrupts                        0x0800076c   Section        0  hw_config.o(i.Init_Interrupts)
    i.Init_SIM800                            0x08000790   Section        0  sim800h.o(i.Init_SIM800)
    i.Init_SIM800_line                       0x08000878   Section        0  hw_config.o(i.Init_SIM800_line)
    i.MainTask                               0x0800090c   Section        0  main.o(i.MainTask)
    i.NVIC_SetPriority                       0x08000a34   Section        0  hw_config.o(i.NVIC_SetPriority)
    NVIC_SetPriority                         0x08000a35   Thumb Code    60  hw_config.o(i.NVIC_SetPriority)
    i.RX2_Clear                              0x08000a78   Section        0  hw_io.o(i.RX2_Clear)
    i.RX_Clear                               0x08000aa4   Section        0  hw_io.o(i.RX_Clear)
    i.ReadADTask                             0x08000ad0   Section        0  main.o(i.ReadADTask)
    i.Rx_Blink                               0x08000c84   Section        0  main.o(i.Rx_Blink)
    i.SIM800_Command                         0x08000d98   Section        0  hw_io.o(i.SIM800_Command)
    i.SystemInit                             0x08000dd8   Section        0  system_stm32l0xx.o(i.SystemInit)
    i.__ARM_common_switch8                   0x08000e2c   Section        0  main.o(i.__ARM_common_switch8)
    i._init_box                              0x08000e46   Section        0  rt_membox.o(i._init_box)
    i._mutex_acquire                         0x08000e90   Section        0  rtx_conf_cm.o(i._mutex_acquire)
    __tagsym$$used                           0x08000e91   Number         0  rtx_conf_cm.o(i._mutex_acquire)
    i._mutex_release                         0x08000eb4   Section        0  rtx_conf_cm.o(i._mutex_release)
    __tagsym$$used                           0x08000eb5   Number         0  rtx_conf_cm.o(i._mutex_release)
    i.crc16                                  0x08000ed0   Section        0  main.o(i.crc16)
    i.isrMessagePut                          0x08000efc   Section        0  rt_cmsis.o(i.isrMessagePut)
    isrMessagePut                            0x08000efd   Thumb Code    48  rt_cmsis.o(i.isrMessagePut)
    i.isr_mbx_send                           0x08000f2c   Section        0  rt_mailbox.o(i.isr_mbx_send)
    i.main                                   0x08000f38   Section        0  main.o(i.main)
    i.osDelay                                0x08000f60   Section        0  rt_cmsis.o(i.osDelay)
    i.osKernelInitialize                     0x08000f7c   Section        0  rt_cmsis.o(i.osKernelInitialize)
    i.osKernelStart                          0x08000fa4   Section        0  rt_cmsis.o(i.osKernelStart)
    i.osThreadCreate                         0x08001010   Section        0  rt_cmsis.o(i.osThreadCreate)
    i.osThreadExit                           0x08001044   Section        0  rt_cmsis.o(i.osThreadExit)
    i.os_error                               0x0800105c   Section        0  rtx_conf_cm.o(i.os_error)
    i.os_idle_demon                          0x0800105e   Section        0  rtx_conf_cm.o(i.os_idle_demon)
    i.os_tick_init                           0x08001060   Section        0  rt_system.o(i.os_tick_init)
    i.os_tick_irqack                         0x0800108c   Section        0  rt_system.o(i.os_tick_irqack)
    i.rt_alloc_box                           0x0800108e   Section        0  rt_membox.o(i.rt_alloc_box)
    i.rt_alloc_mem                           0x080010ac   Section        0  rt_memory.o(i.rt_alloc_mem)
    i.rt_block                               0x080010f0   Section        0  rt_task.o(i.rt_block)
    i.rt_chk_robin                           0x08001128   Section        0  rt_robin.o(i.rt_chk_robin)
    i.rt_dec_dly                             0x0800116c   Section        0  rt_list.o(i.rt_dec_dly)
    i.rt_dispatch                            0x080011e0   Section        0  rt_task.o(i.rt_dispatch)
    i.rt_dly_wait                            0x08001220   Section        0  rt_time.o(i.rt_dly_wait)
    i.rt_evt_psh                             0x0800122c   Section        0  rt_event.o(i.rt_evt_psh)
    i.rt_free_box                            0x0800127c   Section        0  rt_membox.o(i.rt_free_box)
    i.rt_free_mem                            0x080012a2   Section        0  rt_memory.o(i.rt_free_mem)
    i.rt_get_first                           0x080012d2   Section        0  rt_list.o(i.rt_get_first)
    i.rt_init_context                        0x080012fc   Section        0  rt_task.o(i.rt_init_context)
    rt_init_context                          0x080012fd   Thumb Code    66  rt_task.o(i.rt_init_context)
    i.rt_init_mem                            0x08001344   Section        0  rt_memory.o(i.rt_init_mem)
    i.rt_init_robin                          0x08001360   Section        0  rt_robin.o(i.rt_init_robin)
    i.rt_init_stack                          0x08001378   Section        0  hal_cm.o(i.rt_init_stack)
    i.rt_mbx_check                           0x080013c4   Section        0  rt_mailbox.o(i.rt_mbx_check)
    i.rt_mbx_init                            0x080013cc   Section        0  rt_mailbox.o(i.rt_mbx_init)
    i.rt_mbx_psh                             0x080013f0   Section        0  rt_mailbox.o(i.rt_mbx_psh)
    i.rt_ms2tick                             0x080014c0   Section        0  rt_cmsis.o(i.rt_ms2tick)
    rt_ms2tick                               0x080014c1   Thumb Code    48  rt_cmsis.o(i.rt_ms2tick)
    i.rt_mut_release                         0x080014fc   Section        0  rt_mutex.o(i.rt_mut_release)
    i.rt_mut_wait                            0x080015d4   Section        0  rt_mutex.o(i.rt_mut_wait)
    i.rt_pop_req                             0x08001644   Section        0  rt_system.o(i.rt_pop_req)
    i.rt_psh_req                             0x080016b4   Section        0  rt_system.o(i.rt_psh_req)
    i.rt_psq_enq                             0x080016d4   Section        0  rt_list.o(i.rt_psq_enq)
    i.rt_put_dly                             0x08001714   Section        0  rt_list.o(i.rt_put_dly)
    i.rt_put_prio                            0x08001764   Section        0  rt_list.o(i.rt_put_prio)
    i.rt_put_rdy_first                       0x080017a0   Section        0  rt_list.o(i.rt_put_rdy_first)
    i.rt_resort_prio                         0x080017b4   Section        0  rt_list.o(i.rt_resort_prio)
    i.rt_ret_val                             0x080017e4   Section        0  hal_cm.o(i.rt_ret_val)
    i.rt_ret_val2                            0x080017ea   Section        0  hal_cm.o(i.rt_ret_val2)
    i.rt_rmv_dly                             0x080017f2   Section        0  rt_list.o(i.rt_rmv_dly)
    i.rt_rmv_list                            0x0800181c   Section        0  rt_list.o(i.rt_rmv_list)
    i.rt_sem_psh                             0x08001850   Section        0  rt_semaphore.o(i.rt_sem_psh)
    i.rt_stk_check                           0x08001884   Section        0  rt_system.o(i.rt_stk_check)
    i.rt_switch_req                          0x080018ac   Section        0  rt_task.o(i.rt_switch_req)
    i.rt_sys_init                            0x080018bc   Section        0  rt_task.o(i.rt_sys_init)
    i.rt_sys_start                           0x08001984   Section        0  rt_task.o(i.rt_sys_start)
    i.rt_systick                             0x080019e8   Section        0  rt_system.o(i.rt_systick)
    i.rt_tid2ptcb                            0x08001a24   Section        0  rt_cmsis.o(i.rt_tid2ptcb)
    rt_tid2ptcb                              0x08001a25   Thumb Code    18  rt_cmsis.o(i.rt_tid2ptcb)
    i.rt_timer_insert                        0x08001a38   Section        0  rt_cmsis.o(i.rt_timer_insert)
    rt_timer_insert                          0x08001a39   Thumb Code    54  rt_cmsis.o(i.rt_timer_insert)
    i.rt_tsk_create                          0x08001a74   Section        0  rt_task.o(i.rt_tsk_create)
    i.rt_tsk_delete                          0x08001ae4   Section        0  rt_task.o(i.rt_tsk_delete)
    i.rt_tsk_prio                            0x08001c20   Section        0  rt_task.o(i.rt_tsk_prio)
    i.rt_tsk_self                            0x08001ca0   Section        0  rt_task.o(i.rt_tsk_self)
    i.svcDelay                               0x08001cb0   Section        0  rt_cmsis.o(i.svcDelay)
    i.svcKernelInitialize                    0x08001cc4   Section        0  rt_cmsis.o(i.svcKernelInitialize)
    i.svcKernelStart                         0x08001d3c   Section        0  rt_cmsis.o(i.svcKernelStart)
    i.svcMessageCreate                       0x08001d84   Section        0  rt_cmsis.o(i.svcMessageCreate)
    i.svcThreadCreate                        0x08001db0   Section        0  rt_cmsis.o(i.svcThreadCreate)
    i.svcThreadGetId                         0x08001e28   Section        0  rt_cmsis.o(i.svcThreadGetId)
    i.svcThreadTerminate                     0x08001e44   Section        0  rt_cmsis.o(i.svcThreadTerminate)
    i.sysTimerTick                           0x08001e80   Section        0  rt_cmsis.o(i.sysTimerTick)
    .constdata                               0x08001ecc   Section      560  main.o(.constdata)
    .constdata                               0x080020fc   Section        2  rtx_conf_cm.o(.constdata)
    .constdata                               0x08002100   Section        4  rtx_conf_cm.o(.constdata)
    .constdata                               0x08002104   Section        4  rtx_conf_cm.o(.constdata)
    .constdata                               0x08002108   Section        4  rtx_conf_cm.o(.constdata)
    .constdata                               0x0800210c   Section        1  rtx_conf_cm.o(.constdata)
    .constdata                               0x08002110   Section       16  rtx_conf_cm.o(.constdata)
    __tagsym$$used                           0x08002110   Number         0  rtx_conf_cm.o(.constdata)
    __tagsym$$used                           0x08002114   Number         0  rtx_conf_cm.o(.constdata)
    __tagsym$$used                           0x08002118   Number         0  rtx_conf_cm.o(.constdata)
    __tagsym$$used                           0x0800211c   Number         0  rtx_conf_cm.o(.constdata)
    .constdata                               0x08002120   Section        2  rtx_conf_cm.o(.constdata)
    .constdata                               0x08002124   Section        4  rtx_conf_cm.o(.constdata)
    .constdata                               0x08002128   Section        4  rtx_conf_cm.o(.constdata)
    .constdata                               0x0800212c   Section        1  rtx_conf_cm.o(.constdata)
    .constdata                               0x08002130   Section        8  rtx_conf_cm.o(.constdata)
    .constdata                               0x08002138   Section        2  rtx_conf_cm.o(.constdata)
    .data                                    0x20000000   Section       40  main.o(.data)
    .data                                    0x20000028   Section      110  sim800h.o(.data)
    .data                                    0x20000096   Section       43  sim800h.o(.data)
    .data                                    0x200000c1   Section       11  sim800h.o(.data)
    .data                                    0x200000cc   Section       12  sim800h.o(.data)
    .data                                    0x200000d8   Section        1  sim800h.o(.data)
    .data                                    0x200000dc   Section        4  rtx_conf_cm.o(.data)
    .data                                    0x200000e0   Section       16  rtx_conf_cm.o(.data)
    .data                                    0x200000f0   Section        4  rtx_conf_cm.o(.data)
    .data                                    0x200000f4   Section        4  rtx_conf_cm.o(.data)
    .data                                    0x200000f8   Section        8  rt_cmsis.o(.data)
    .data                                    0x20000100   Section        8  rt_task.o(.data)
    .data                                    0x20000108   Section        8  rt_system.o(.data)
    os_lock                                  0x20000108   Data           1  rt_system.o(.data)
    os_psh_flag                              0x20000109   Data           1  rt_system.o(.data)
    pend_flags                               0x2000010a   Data           1  rt_system.o(.data)
    .data                                    0x20000110   Section        4  rt_time.o(.data)
    .data                                    0x20000114   Section        8  rt_robin.o(.data)
    .bss                                     0x2000011c   Section      112  main.o(.bss)
    .bss                                     0x2000018c   Section       15  sim800h.o(.bss)
    .bss                                     0x2000019b   Section       48  sim800h.o(.bss)
    .bss                                     0x200001cb   Section       48  sim800h.o(.bss)
    .bss                                     0x200001fc   Section       16  rtx_conf_cm.o(.bss)
    .bss                                     0x2000020c   Section       16  rtx_conf_cm.o(.bss)
    .bss                                     0x2000021c   Section      324  rtx_conf_cm.o(.bss)
    .bss                                     0x20000360   Section     1216  rtx_conf_cm.o(.bss)
    .bss                                     0x20000820   Section      224  rtx_conf_cm.o(.bss)
    .bss                                     0x20000900   Section      132  rtx_conf_cm.o(.bss)
    .bss                                     0x20000984   Section       24  rtx_conf_cm.o(.bss)
    .bss                                     0x2000099c   Section       52  rt_task.o(.bss)
    .bss                                     0x200009d0   Section       48  rt_list.o(.bss)
    .bss                                     0x20000a00   Section       96  libspace.o(.bss)
    HEAP                                     0x20000a60   Section      512  startup_stm32l053xx.o(HEAP)
    Heap_Mem                                 0x20000a60   Data         512  startup_stm32l053xx.o(HEAP)
    STACK                                    0x20000c60   Section     1024  startup_stm32l053xx.o(STACK)
    Stack_Mem                                0x20000c60   Data        1024  startup_stm32l053xx.o(STACK)
    __initial_sp                             0x20001060   Data           0  startup_stm32l053xx.o(STACK)

    Global Symbols

    Symbol Name                              Value     Ov Type        Size  Object(Section)

    BuildAttributes$$THM_ISAv3M$S$PE$A:L22$X:L11$S22$IEEE1$IW$USESV6$~STKCKD$USESV7$~SHL$OSPACE$ROPI$EBA8$UX$STANDARDLIB$REQ8$PRES8$EABIv2 0x00000000   Number         0  anon$$obj.o ABSOLUTE
    __ARM_use_no_argv                        0x00000000   Number         0  main.o ABSOLUTE
    __ARM_exceptions_init                     - Undefined Weak Reference
    __alloca_initialize                       - Undefined Weak Reference
    __arm_preinit_                            - Undefined Weak Reference
    __cpp_initialize__aeabi_                  - Undefined Weak Reference
    __cxa_finalize                            - Undefined Weak Reference
    __rt_locale                               - Undefined Weak Reference
    __sigvec_lookup                           - Undefined Weak Reference
    _atexit_init                              - Undefined Weak Reference
    _call_atexit_fns                          - Undefined Weak Reference
    _clock_init                               - Undefined Weak Reference
    _fp_trap_init                             - Undefined Weak Reference
    _fp_trap_shutdown                         - Undefined Weak Reference
    _get_lc_collate                           - Undefined Weak Reference
    _get_lc_ctype                             - Undefined Weak Reference
    _get_lc_monetary                          - Undefined Weak Reference
    _get_lc_numeric                           - Undefined Weak Reference
    _get_lc_time                              - Undefined Weak Reference
    _getenv_init                              - Undefined Weak Reference
    _handle_redirection                       - Undefined Weak Reference
    _init_alloc                               - Undefined Weak Reference
    _init_user_alloc                          - Undefined Weak Reference
    _initio                                   - Undefined Weak Reference
    _rand_init                                - Undefined Weak Reference
    _signal_finish                            - Undefined Weak Reference
    _signal_init                              - Undefined Weak Reference
    _terminate_alloc                          - Undefined Weak Reference
    _terminate_user_alloc                     - Undefined Weak Reference
    _terminateio                              - Undefined Weak Reference
    __Vectors_Size                           0x000000c0   Number         0  startup_stm32l053xx.o ABSOLUTE
    __RL_RTX_VER                             0x00000473   Number         0  rt_system.o ABSOLUTE
    __Vectors                                0x08000000   Data           4  startup_stm32l053xx.o(RESET)
    __Vectors_End                            0x080000c0   Data           0  startup_stm32l053xx.o(RESET)
    __main                                   0x080000c1   Thumb Code     8  __main.o(!!!main)
    __scatterload                            0x080000c9   Thumb Code     0  __scatter.o(!!!scatter)
    __scatterload_rt2                        0x080000c9   Thumb Code    52  __scatter.o(!!!scatter)
    __scatterload_rt2_thumb_only             0x080000c9   Thumb Code     0  __scatter.o(!!!scatter)
    __scatterload_null                       0x080000d9   Thumb Code     0  __scatter.o(!!!scatter)
    __scatterload_copy                       0x08000105   Thumb Code    26  __scatter_copy.o(!!handler_copy)
    __scatterload_zeroinit                   0x08000121   Thumb Code    28  __scatter_zi.o(!!handler_zi)
    __rt_lib_init                            0x0800013d   Thumb Code     0  libinit.o(.ARM.Collect$$libinit$$00000000)
    __rt_lib_init_alloca_1                   0x0800013f   Thumb Code     0  libinit2.o(.ARM.Collect$$libinit$$0000002E)
    __rt_lib_init_argv_1                     0x0800013f   Thumb Code     0  libinit2.o(.ARM.Collect$$libinit$$0000002C)
    __rt_lib_init_atexit_1                   0x0800013f   Thumb Code     0  libinit2.o(.ARM.Collect$$libinit$$0000001B)
    __rt_lib_init_clock_1                    0x0800013f   Thumb Code     0  libinit2.o(.ARM.Collect$$libinit$$00000021)
    __rt_lib_init_cpp_1                      0x0800013f   Thumb Code     0  libinit2.o(.ARM.Collect$$libinit$$00000032)
    __rt_lib_init_exceptions_1               0x0800013f   Thumb Code     0  libinit2.o(.ARM.Collect$$libinit$$00000030)
    __rt_lib_init_fp_1                       0x0800013f   Thumb Code     0  libinit2.o(.ARM.Collect$$libinit$$00000002)
    __rt_lib_init_fp_trap_1                  0x0800013f   Thumb Code     0  libinit2.o(.ARM.Collect$$libinit$$0000001F)
    __rt_lib_init_getenv_1                   0x0800013f   Thumb Code     0  libinit2.o(.ARM.Collect$$libinit$$00000023)
    __rt_lib_init_heap_1                     0x0800013f   Thumb Code     0  libinit2.o(.ARM.Collect$$libinit$$0000000A)
    __rt_lib_init_lc_collate_1               0x0800013f   Thumb Code     0  libinit2.o(.ARM.Collect$$libinit$$00000011)
    __rt_lib_init_lc_ctype_1                 0x0800013f   Thumb Code     0  libinit2.o(.ARM.Collect$$libinit$$00000013)
    __rt_lib_init_lc_monetary_1              0x0800013f   Thumb Code     0  libinit2.o(.ARM.Collect$$libinit$$00000015)
    __rt_lib_init_lc_numeric_1               0x0800013f   Thumb Code     0  libinit2.o(.ARM.Collect$$libinit$$00000017)
    __rt_lib_init_lc_time_1                  0x0800013f   Thumb Code     0  libinit2.o(.ARM.Collect$$libinit$$00000019)
    __rt_lib_init_preinit_1                  0x0800013f   Thumb Code     0  libinit2.o(.ARM.Collect$$libinit$$00000004)
    __rt_lib_init_rand_1                     0x0800013f   Thumb Code     0  libinit2.o(.ARM.Collect$$libinit$$0000000E)
    __rt_lib_init_return                     0x0800013f   Thumb Code     0  libinit2.o(.ARM.Collect$$libinit$$00000033)
    __rt_lib_init_signal_1                   0x0800013f   Thumb Code     0  libinit2.o(.ARM.Collect$$libinit$$0000001D)
    __rt_lib_init_stdio_1                    0x0800013f   Thumb Code     0  libinit2.o(.ARM.Collect$$libinit$$00000025)
    __rt_lib_init_user_alloc_1               0x0800013f   Thumb Code     0  libinit2.o(.ARM.Collect$$libinit$$0000000C)
    __rt_lib_shutdown                        0x08000141   Thumb Code     0  libshutdown.o(.ARM.Collect$$libshutdown$$00000000)
    __rt_lib_shutdown_fp_trap_1              0x08000143   Thumb Code     0  libshutdown2.o(.ARM.Collect$$libshutdown$$00000006)
    __rt_lib_shutdown_heap_1                 0x08000143   Thumb Code     0  libshutdown2.o(.ARM.Collect$$libshutdown$$0000000E)
    __rt_lib_shutdown_return                 0x08000143   Thumb Code     0  libshutdown2.o(.ARM.Collect$$libshutdown$$0000000F)
    __rt_lib_shutdown_signal_1               0x08000143   Thumb Code     0  libshutdown2.o(.ARM.Collect$$libshutdown$$00000009)
    __rt_lib_shutdown_stdio_1                0x08000143   Thumb Code     0  libshutdown2.o(.ARM.Collect$$libshutdown$$00000003)
    __rt_lib_shutdown_user_alloc_1           0x08000143   Thumb Code     0  libshutdown2.o(.ARM.Collect$$libshutdown$$0000000B)
    __rt_exit                                0x08000145   Thumb Code     0  rtexit.o(.ARM.Collect$$rtexit$$00000000)
    __rt_exit_ls                             0x08000147   Thumb Code     0  rtexit2.o(.ARM.Collect$$rtexit$$00000003)
    __rt_exit_prels_1                        0x08000147   Thumb Code     0  rtexit2.o(.ARM.Collect$$rtexit$$00000002)
    __rt_exit_exit                           0x0800014b   Thumb Code     0  rtexit2.o(.ARM.Collect$$rtexit$$00000004)
    __rt_entry                               0x08000151   Thumb Code    32  rtx_conf_cm.o(.emb_text)
    rt_set_PSP                               0x08000175   Thumb Code     6  hal_cm0.o(.emb_text)
    rt_get_PSP                               0x0800017b   Thumb Code     6  hal_cm0.o(.emb_text)
    os_set_env                               0x08000181   Thumb Code    32  hal_cm0.o(.emb_text)
    _alloc_box                               0x080001a5   Thumb Code    28  hal_cm0.o(.emb_text)
    _free_box                                0x080001c5   Thumb Code    28  hal_cm0.o(.emb_text)
    SVC_Handler                              0x080001e5   Thumb Code   136  hal_cm0.o(.emb_text)
    PendSV_Handler                           0x08000279   Thumb Code    72  hal_cm0.o(.emb_text)
    SysTick_Handler                          0x080002c5   Thumb Code     8  hal_cm0.o(.emb_text)
    OS_Tick_Handler                          0x080002cd   Thumb Code    12  hal_cm0.o(.emb_text)
    Reset_Handler                            0x080002d9   Thumb Code     8  startup_stm32l053xx.o(.text)
    NMI_Handler                              0x080002e1   Thumb Code     2  startup_stm32l053xx.o(.text)
    HardFault_Handler                        0x080002e3   Thumb Code     2  startup_stm32l053xx.o(.text)
    DebugMon_Handler                         0x080002e7   Thumb Code     2  startup_stm32l053xx.o(.text)
    ADC1_COMP_IRQHandler                     0x080002ed   Thumb Code     0  startup_stm32l053xx.o(.text)
    DMA1_Channel1_IRQHandler                 0x080002ed   Thumb Code     0  startup_stm32l053xx.o(.text)
    EXTI0_1_IRQHandler                       0x080002ed   Thumb Code     0  startup_stm32l053xx.o(.text)
    EXTI2_3_IRQHandler                       0x080002ed   Thumb Code     0  startup_stm32l053xx.o(.text)
    EXTI4_15_IRQHandler                      0x080002ed   Thumb Code     0  startup_stm32l053xx.o(.text)
    FLASH_IRQHandler                         0x080002ed   Thumb Code     0  startup_stm32l053xx.o(.text)
    I2C1_IRQHandler                          0x080002ed   Thumb Code     0  startup_stm32l053xx.o(.text)
    I2C2_IRQHandler                          0x080002ed   Thumb Code     0  startup_stm32l053xx.o(.text)
    LCD_IRQHandler                           0x080002ed   Thumb Code     0  startup_stm32l053xx.o(.text)
    LPTIM1_IRQHandler                        0x080002ed   Thumb Code     0  startup_stm32l053xx.o(.text)
    PVD_IRQHandler                           0x080002ed   Thumb Code     0  startup_stm32l053xx.o(.text)
    RCC_CRS_IRQHandler                       0x080002ed   Thumb Code     0  startup_stm32l053xx.o(.text)
    RNG_LPUART1_IRQHandler                   0x080002ed   Thumb Code     0  startup_stm32l053xx.o(.text)
    RTC_IRQHandler                           0x080002ed   Thumb Code     0  startup_stm32l053xx.o(.text)
    SPI1_IRQHandler                          0x080002ed   Thumb Code     0  startup_stm32l053xx.o(.text)
    SPI2_IRQHandler                          0x080002ed   Thumb Code     0  startup_stm32l053xx.o(.text)
    TIM21_IRQHandler                         0x080002ed   Thumb Code     0  startup_stm32l053xx.o(.text)
    TIM22_IRQHandler                         0x080002ed   Thumb Code     0  startup_stm32l053xx.o(.text)
    TIM2_IRQHandler                          0x080002ed   Thumb Code     0  startup_stm32l053xx.o(.text)
    TIM6_DAC_IRQHandler                      0x080002ed   Thumb Code     0  startup_stm32l053xx.o(.text)
    TSC_IRQHandler                           0x080002ed   Thumb Code     0  startup_stm32l053xx.o(.text)
    USART1_IRQHandler                        0x080002ed   Thumb Code     0  startup_stm32l053xx.o(.text)
    USART2_IRQHandler                        0x080002ed   Thumb Code     0  startup_stm32l053xx.o(.text)
    USB_IRQHandler                           0x080002ed   Thumb Code     0  startup_stm32l053xx.o(.text)
    WWDG_IRQHandler                          0x080002ed   Thumb Code     0  startup_stm32l053xx.o(.text)
    __user_initial_stackheap                 0x080002f1   Thumb Code     0  startup_stm32l053xx.o(.text)
    __user_libspace                          0x08000315   Thumb Code     8  libspace.o(.text)
    __user_perproc_libspace                  0x08000315   Thumb Code     0  libspace.o(.text)
    __user_setup_stackheap                   0x0800031d   Thumb Code    62  sys_stackheap_outer.o(.text)
    exit                                     0x0800035b   Thumb Code    12  exit.o(.text)
    __aeabi_memset                           0x08000367   Thumb Code    18  aeabi_memset.o(.text)
    __aeabi_uidiv                            0x08000379   Thumb Code     0  aeabi_sdiv.o(.text)
    __aeabi_uidivmod                         0x08000379   Thumb Code    20  aeabi_sdiv.o(.text)
    __aeabi_idiv                             0x0800038d   Thumb Code     0  aeabi_sdiv.o(.text)
    __aeabi_idivmod                          0x0800038d   Thumb Code   326  aeabi_sdiv.o(.text)
    __use_two_region_memory                  0x080004d3   Thumb Code     2  heapauxi.o(.text)
    __rt_heap_escrow$2region                 0x080004d5   Thumb Code     2  heapauxi.o(.text)
    __rt_heap_expand$2region                 0x080004d7   Thumb Code     2  heapauxi.o(.text)
    _memset_w                                0x080004d9   Thumb Code    26  rt_memclr.o(.text)
    _memset                                  0x080004f3   Thumb Code    30  rt_memclr.o(.text)
    __aeabi_memclr                           0x08000511   Thumb Code     4  rt_memclr.o(.text)
    __rt_memclr                              0x08000511   Thumb Code     0  rt_memclr.o(.text)
    __aeabi_memclr4                          0x08000515   Thumb Code     0  rt_memclr.o(.text)
    __aeabi_memclr8                          0x08000515   Thumb Code     0  rt_memclr.o(.text)
    __rt_memclr_w                            0x08000515   Thumb Code     4  rt_memclr.o(.text)
    _sys_exit                                0x08000519   Thumb Code     8  sys_exit.o(.text)
    __I$use$semihosting                      0x08000525   Thumb Code     0  use_no_semi.o(.text)
    __use_no_semihosting_swi                 0x08000525   Thumb Code     2  use_no_semi.o(.text)
    __semihosting_library_function           0x08000527   Thumb Code     0  indicate_semi.o(.text)
    SVC_Count                                0x08000528   Data           4  svc_table.o(SVC_TABLE)
    Configure_GPIO                           0x0800052d   Thumb Code    18  hw_config.o(i.Configure_GPIO)
    SVC_Table                                0x0800052c   Data           0  svc_table.o(SVC_TABLE)
    Configure_GPIO_LED                       0x08000549   Thumb Code    46  hw_config.o(i.Configure_GPIO_LED)
    DMA1_Channel2_3_IRQHandler               0x0800057d   Thumb Code    56  hw_config.o(i.DMA1_Channel2_3_IRQHandler)
    DMA1_Channel4_5_6_7_IRQHandler           0x080005bd   Thumb Code    62  hw_config.o(i.DMA1_Channel4_5_6_7_IRQHandler)
    Init_AD_line                             0x08000605   Thumb Code   116  hw_config.o(i.Init_AD_line)
    Init_Core                                0x08000689   Thumb Code   186  hw_config.o(i.Init_Core)
    Init_Hardware                            0x08000751   Thumb Code    28  hw_config.o(i.Init_Hardware)
    Init_Interrupts                          0x0800076d   Thumb Code    32  hw_config.o(i.Init_Interrupts)
    Init_SIM800                              0x08000791   Thumb Code   210  sim800h.o(i.Init_SIM800)
    Init_SIM800_line                         0x08000879   Thumb Code   132  hw_config.o(i.Init_SIM800_line)
    MainTask                                 0x0800090d   Thumb Code   262  main.o(i.MainTask)
    RX2_Clear                                0x08000a79   Thumb Code    36  hw_io.o(i.RX2_Clear)
    RX_Clear                                 0x08000aa5   Thumb Code    36  hw_io.o(i.RX_Clear)
    ReadADTask                               0x08000ad1   Thumb Code   398  main.o(i.ReadADTask)
    Rx_Blink                                 0x08000c85   Thumb Code   262  main.o(i.Rx_Blink)
    SIM800_Command                           0x08000d99   Thumb Code    56  hw_io.o(i.SIM800_Command)
    SystemInit                               0x08000dd9   Thumb Code    66  system_stm32l0xx.o(i.SystemInit)
    __ARM_common_switch8                     0x08000e2d   Thumb Code    26  main.o(i.__ARM_common_switch8)
    _init_box                                0x08000e47   Thumb Code    72  rt_membox.o(i._init_box)
    _mutex_acquire                           0x08000e91   Thumb Code    22  rtx_conf_cm.o(i._mutex_acquire)
    _mutex_release                           0x08000eb5   Thumb Code    20  rtx_conf_cm.o(i._mutex_release)
    crc16                                    0x08000ed1   Thumb Code    38  main.o(i.crc16)
    isr_mbx_send                             0x08000f2d   Thumb Code    12  rt_mailbox.o(i.isr_mbx_send)
    main                                     0x08000f39   Thumb Code    30  main.o(i.main)
    osDelay                                  0x08000f61   Thumb Code    22  rt_cmsis.o(i.osDelay)
    osKernelInitialize                       0x08000f7d   Thumb Code    36  rt_cmsis.o(i.osKernelInitialize)
    osKernelStart                            0x08000fa5   Thumb Code   100  rt_cmsis.o(i.osKernelStart)
    osThreadCreate                           0x08001011   Thumb Code    44  rt_cmsis.o(i.osThreadCreate)
    osThreadExit                             0x08001045   Thumb Code    14  rt_cmsis.o(i.osThreadExit)
    os_error                                 0x0800105d   Thumb Code     2  rtx_conf_cm.o(i.os_error)
    os_idle_demon                            0x0800105f   Thumb Code     2  rtx_conf_cm.o(i.os_idle_demon)
    os_tick_init                             0x08001061   Thumb Code    32  rt_system.o(i.os_tick_init)
    os_tick_irqack                           0x0800108d   Thumb Code     2  rt_system.o(i.os_tick_irqack)
    rt_alloc_box                             0x0800108f   Thumb Code    30  rt_membox.o(i.rt_alloc_box)
    rt_alloc_mem                             0x080010ad   Thumb Code    66  rt_memory.o(i.rt_alloc_mem)
    rt_block                                 0x080010f1   Thumb Code    42  rt_task.o(i.rt_block)
    rt_chk_robin                             0x08001129   Thumb Code    56  rt_robin.o(i.rt_chk_robin)
    rt_dec_dly                               0x0800116d   Thumb Code   108  rt_list.o(i.rt_dec_dly)
    rt_dispatch                              0x080011e1   Thumb Code    56  rt_task.o(i.rt_dispatch)
    rt_dly_wait                              0x08001221   Thumb Code    10  rt_time.o(i.rt_dly_wait)
    rt_evt_psh                               0x0800122d   Thumb Code    74  rt_event.o(i.rt_evt_psh)
    rt_free_box                              0x0800127d   Thumb Code    38  rt_membox.o(i.rt_free_box)
    rt_free_mem                              0x080012a3   Thumb Code    48  rt_memory.o(i.rt_free_mem)
    rt_get_first                             0x080012d3   Thumb Code    42  rt_list.o(i.rt_get_first)
    rt_init_mem                              0x08001345   Thumb Code    28  rt_memory.o(i.rt_init_mem)
    rt_init_robin                            0x08001361   Thumb Code    14  rt_robin.o(i.rt_init_robin)
    rt_init_stack                            0x08001379   Thumb Code    68  hal_cm.o(i.rt_init_stack)
    rt_mbx_check                             0x080013c5   Thumb Code     8  rt_mailbox.o(i.rt_mbx_check)
    rt_mbx_init                              0x080013cd   Thumb Code    30  rt_mailbox.o(i.rt_mbx_init)
    rt_mbx_psh                               0x080013f1   Thumb Code   204  rt_mailbox.o(i.rt_mbx_psh)
    rt_mut_release                           0x080014fd   Thumb Code   206  rt_mutex.o(i.rt_mut_release)
    rt_mut_wait                              0x080015d5   Thumb Code   106  rt_mutex.o(i.rt_mut_wait)
    rt_pop_req                               0x08001645   Thumb Code   100  rt_system.o(i.rt_pop_req)
    rt_psh_req                               0x080016b5   Thumb Code    24  rt_system.o(i.rt_psh_req)
    rt_psq_enq                               0x080016d5   Thumb Code    60  rt_list.o(i.rt_psq_enq)
    rt_put_dly                               0x08001715   Thumb Code    74  rt_list.o(i.rt_put_dly)
    rt_put_prio                              0x08001765   Thumb Code    60  rt_list.o(i.rt_put_prio)
    rt_put_rdy_first                         0x080017a1   Thumb Code    14  rt_list.o(i.rt_put_rdy_first)
    rt_resort_prio                           0x080017b5   Thumb Code    44  rt_list.o(i.rt_resort_prio)
    rt_ret_val                               0x080017e5   Thumb Code     6  hal_cm.o(i.rt_ret_val)
    rt_ret_val2                              0x080017eb   Thumb Code     8  hal_cm.o(i.rt_ret_val2)
    rt_rmv_dly                               0x080017f3   Thumb Code    42  rt_list.o(i.rt_rmv_dly)
    rt_rmv_list                              0x0800181d   Thumb Code    46  rt_list.o(i.rt_rmv_list)
    rt_sem_psh                               0x08001851   Thumb Code    48  rt_semaphore.o(i.rt_sem_psh)
    rt_stk_check                             0x08001885   Thumb Code    30  rt_system.o(i.rt_stk_check)
    rt_switch_req                            0x080018ad   Thumb Code    10  rt_task.o(i.rt_switch_req)
    rt_sys_init                              0x080018bd   Thumb Code   134  rt_task.o(i.rt_sys_init)
    rt_sys_start                             0x08001985   Thumb Code    82  rt_task.o(i.rt_sys_start)
    rt_systick                               0x080019e9   Thumb Code    48  rt_system.o(i.rt_systick)
    rt_tsk_create                            0x08001a75   Thumb Code   100  rt_task.o(i.rt_tsk_create)
    rt_tsk_delete                            0x08001ae5   Thumb Code   290  rt_task.o(i.rt_tsk_delete)
    rt_tsk_prio                              0x08001c21   Thumb Code   112  rt_task.o(i.rt_tsk_prio)
    rt_tsk_self                              0x08001ca1   Thumb Code    12  rt_task.o(i.rt_tsk_self)
    svcDelay                                 0x08001cb1   Thumb Code    20  rt_cmsis.o(i.svcDelay)
    svcKernelInitialize                      0x08001cc5   Thumb Code    86  rt_cmsis.o(i.svcKernelInitialize)
    svcKernelStart                           0x08001d3d   Thumb Code    62  rt_cmsis.o(i.svcKernelStart)
    svcMessageCreate                         0x08001d85   Thumb Code    42  rt_cmsis.o(i.svcMessageCreate)
    svcThreadCreate                          0x08001db1   Thumb Code   106  rt_cmsis.o(i.svcThreadCreate)
    svcThreadGetId                           0x08001e29   Thumb Code    22  rt_cmsis.o(i.svcThreadGetId)
    svcThreadTerminate                       0x08001e45   Thumb Code    56  rt_cmsis.o(i.svcThreadTerminate)
    sysTimerTick                             0x08001e81   Thumb Code    68  rt_cmsis.o(i.sysTimerTick)
    os_thread_def_MainTask                   0x08001ecc   Data          16  main.o(.constdata)
    os_thread_def_ReadADTask                 0x08001edc   Data          16  main.o(.constdata)
    os_thread_def_Rx_Blink                   0x08001eec   Data          16  main.o(.constdata)
    crcTable                                 0x08001efc   Data         512  main.o(.constdata)
    os_maxtaskrun                            0x080020fc   Data           2  rtx_conf_cm.o(.constdata)
    os_stackinfo                             0x08002100   Data           4  rtx_conf_cm.o(.constdata)
    os_rrobin                                0x08002104   Data           4  rtx_conf_cm.o(.constdata)
    os_trv                                   0x08002108   Data           4  rtx_conf_cm.o(.constdata)
    os_flags                                 0x0800210c   Data           1  rtx_conf_cm.o(.constdata)
    CMSIS_RTOS_API_Version                   0x08002110   Data           4  rtx_conf_cm.o(.constdata)
    CMSIS_RTOS_RTX_Version                   0x08002114   Data           4  rtx_conf_cm.o(.constdata)
    os_clockrate                             0x08002118   Data           4  rtx_conf_cm.o(.constdata)
    os_timernum                              0x0800211c   Data           4  rtx_conf_cm.o(.constdata)
    mp_tcb_size                              0x08002120   Data           2  rtx_conf_cm.o(.constdata)
    mp_stk_size                              0x08002124   Data           4  rtx_conf_cm.o(.constdata)
    os_stack_sz                              0x08002128   Data           4  rtx_conf_cm.o(.constdata)
    os_fifo_size                             0x0800212c   Data           1  rtx_conf_cm.o(.constdata)
    os_messageQ_def_osTimerMessageQ          0x08002130   Data           8  rtx_conf_cm.o(.constdata)
    mp_tmr_size                              0x08002138   Data           2  rtx_conf_cm.o(.constdata)
    Region$$Table$$Base                      0x0800213c   Number         0  anon$$obj.o(Region$$Table)
    Region$$Table$$Limit                     0x0800215c   Number         0  anon$$obj.o(Region$$Table)
    rep_cnt                                  0x20000000   Data           1  main.o(.data)
    repeat_flag                              0x20000001   Data           1  main.o(.data)
    data_to_send                             0x20000002   Data           1  main.o(.data)
    Led_State                                0x20000003   Data           1  main.o(.data)
    CRC_calc                                 0x20000004   Data           2  main.o(.data)
    Systolic                                 0x20000006   Data           2  main.o(.data)
    Dyatolic                                 0x20000008   Data           2  main.o(.data)
    Pulse                                    0x2000000a   Data           2  main.o(.data)
    rep_time                                 0x2000000c   Data           2  main.o(.data)
    Version                                  0x2000000e   Data           2  main.o(.data)
    MessageType                              0x20000010   Data           2  main.o(.data)
    DataType                                 0x20000012   Data           2  main.o(.data)
    TransmitterID                            0x20000014   Data           4  main.o(.data)
    DeltaTime                                0x20000018   Data           4  main.o(.data)
    tid_MainTask                             0x2000001c   Data           4  main.o(.data)
    tid_ReadADTask                           0x20000020   Data           4  main.o(.data)
    tid_Rx_Blink                             0x20000024   Data           4  main.o(.data)
    AT                                       0x20000028   Data           3  sim800h.o(.data)
    ECHO                                     0x2000002b   Data           5  sim800h.o(.data)
    SET_SMS_OP_1                             0x20000030   Data          10  sim800h.o(.data)
    SET_SMS_OP_2                             0x2000003a   Data          15  sim800h.o(.data)
    DEL_SMS                                  0x20000049   Data          19  sim800h.o(.data)
    APN                                      0x2000005c   Data          19  sim800h.o(.data)
    CHK_CONNECT                              0x2000006f   Data           9  sim800h.o(.data)
    CHK_IP                                   0x20000078   Data           9  sim800h.o(.data)
    CHK_GPRS                                 0x20000081   Data          10  sim800h.o(.data)
    GPRS_CONNECT                             0x2000008b   Data          11  sim800h.o(.data)
    SRV_CONNECT                              0x20000096   Data          43  sim800h.o(.data)
    SEND_DATA                                0x200000c1   Data          11  sim800h.o(.data)
    GPRS_DISCONNECT                          0x200000cc   Data          12  sim800h.o(.data)
    END_LINE                                 0x200000d8   Data           1  sim800h.o(.data)
    m_tmr                                    0x200000dc   Data           4  rtx_conf_cm.o(.data)
    os_thread_def_main                       0x200000e0   Data          16  rtx_conf_cm.o(.data)
    osThreadId_osTimerThread                 0x200000f0   Data           4  rtx_conf_cm.o(.data)
    osMessageQId_osTimerMessageQ             0x200000f4   Data           4  rtx_conf_cm.o(.data)
    os_initialized                           0x200000f8   Data           1  rt_cmsis.o(.data)
    os_running                               0x200000f9   Data           1  rt_cmsis.o(.data)
    os_timer_head                            0x200000fc   Data           4  rt_cmsis.o(.data)
    os_tsk                                   0x20000100   Data           8  rt_task.o(.data)
    os_tick_irqn                             0x2000010c   Data           4  rt_system.o(.data)
    os_time                                  0x20000110   Data           4  rt_time.o(.data)
    os_robin                                 0x20000114   Data           8  rt_robin.o(.data)
    Repeat_Buffer                            0x2000011c   Data          90  main.o(.bss)
    aTCP_Buffer                              0x20000176   Data          22  main.o(.bss)
    SIM800_data                              0x2000018c   Data          15  sim800h.o(.bss)
    AD_Answer                                0x2000019b   Data          48  sim800h.o(.bss)
    SIM800_Answer                            0x200001cb   Data          48  sim800h.o(.bss)
    os_thread_def_osTimerThread              0x200001fc   Data          16  rtx_conf_cm.o(.bss)
    os_messageQ_q_osTimerMessageQ            0x2000020c   Data          16  rtx_conf_cm.o(.bss)
    mp_tcb                                   0x2000021c   Data         324  rtx_conf_cm.o(.bss)
    mp_stk                                   0x20000360   Data        1216  rtx_conf_cm.o(.bss)
    os_stack_mem                             0x20000820   Data         224  rtx_conf_cm.o(.bss)
    os_fifo                                  0x20000900   Data         132  rtx_conf_cm.o(.bss)
    os_active_TCB                            0x20000984   Data          24  rtx_conf_cm.o(.bss)
    os_idle_TCB                              0x2000099c   Data          52  rt_task.o(.bss)
    os_rdy                                   0x200009d0   Data          24  rt_list.o(.bss)
    os_dly                                   0x200009e8   Data          24  rt_list.o(.bss)
    __libspace_start                         0x20000a00   Data          96  libspace.o(.bss)
    __temporary_stack_top$libspace           0x20000a60   Data           0  libspace.o(.bss)



==============================================================================

Memory Map of the image

  Image Entry point : 0x080000c1

  Load Region LR_IROM1 (Base: 0x08000000, Size: 0x00002278, Max: 0x00010000, ABSOLUTE)

    Execution Region ER_IROM1 (Base: 0x08000000, Size: 0x0000215c, Max: 0x00010000, ABSOLUTE)

    Base Addr    Size         Type   Attr      Idx    E Section Name        Object

    0x08000000   0x000000c0   Data   RO          320    RESET               startup_stm32l053xx.o
    0x080000c0   0x00000008   Code   RO         1538  * !!!main             c_p.l(__main.o)
    0x080000c8   0x0000003c   Code   RO         1678    !!!scatter          c_p.l(__scatter.o)
    0x08000104   0x0000001a   Code   RO         1680    !!handler_copy      c_p.l(__scatter_copy.o)
    0x0800011e   0x00000002   PAD
    0x08000120   0x0000001c   Code   RO         1682    !!handler_zi        c_p.l(__scatter_zi.o)
    0x0800013c   0x00000002   Code   RO         1537    .ARM.Collect$$libinit$$00000000  c_p.l(libinit.o)
    0x0800013e   0x00000000   Code   RO         1550    .ARM.Collect$$libinit$$00000002  c_p.l(libinit2.o)
    0x0800013e   0x00000000   Code   RO         1552    .ARM.Collect$$libinit$$00000004  c_p.l(libinit2.o)
    0x0800013e   0x00000000   Code   RO         1555    .ARM.Collect$$libinit$$0000000A  c_p.l(libinit2.o)
    0x0800013e   0x00000000   Code   RO         1557    .ARM.Collect$$libinit$$0000000C  c_p.l(libinit2.o)
    0x0800013e   0x00000000   Code   RO         1559    .ARM.Collect$$libinit$$0000000E  c_p.l(libinit2.o)
    0x0800013e   0x00000000   Code   RO         1562    .ARM.Collect$$libinit$$00000011  c_p.l(libinit2.o)
    0x0800013e   0x00000000   Code   RO         1564    .ARM.Collect$$libinit$$00000013  c_p.l(libinit2.o)
    0x0800013e   0x00000000   Code   RO         1566    .ARM.Collect$$libinit$$00000015  c_p.l(libinit2.o)
    0x0800013e   0x00000000   Code   RO         1568    .ARM.Collect$$libinit$$00000017  c_p.l(libinit2.o)
    0x0800013e   0x00000000   Code   RO         1570    .ARM.Collect$$libinit$$00000019  c_p.l(libinit2.o)
    0x0800013e   0x00000000   Code   RO         1572    .ARM.Collect$$libinit$$0000001B  c_p.l(libinit2.o)
    0x0800013e   0x00000000   Code   RO         1574    .ARM.Collect$$libinit$$0000001D  c_p.l(libinit2.o)
    0x0800013e   0x00000000   Code   RO         1576    .ARM.Collect$$libinit$$0000001F  c_p.l(libinit2.o)
    0x0800013e   0x00000000   Code   RO         1578    .ARM.Collect$$libinit$$00000021  c_p.l(libinit2.o)
    0x0800013e   0x00000000   Code   RO         1580    .ARM.Collect$$libinit$$00000023  c_p.l(libinit2.o)
    0x0800013e   0x00000000   Code   RO         1582    .ARM.Collect$$libinit$$00000025  c_p.l(libinit2.o)
    0x0800013e   0x00000000   Code   RO         1586    .ARM.Collect$$libinit$$0000002C  c_p.l(libinit2.o)
    0x0800013e   0x00000000   Code   RO         1588    .ARM.Collect$$libinit$$0000002E  c_p.l(libinit2.o)
    0x0800013e   0x00000000   Code   RO         1590    .ARM.Collect$$libinit$$00000030  c_p.l(libinit2.o)
    0x0800013e   0x00000000   Code   RO         1592    .ARM.Collect$$libinit$$00000032  c_p.l(libinit2.o)
    0x0800013e   0x00000002   Code   RO         1593    .ARM.Collect$$libinit$$00000033  c_p.l(libinit2.o)
    0x08000140   0x00000002   Code   RO         1619    .ARM.Collect$$libshutdown$$00000000  c_p.l(libshutdown.o)
    0x08000142   0x00000000   Code   RO         1639    .ARM.Collect$$libshutdown$$00000003  c_p.l(libshutdown2.o)
    0x08000142   0x00000000   Code   RO         1642    .ARM.Collect$$libshutdown$$00000006  c_p.l(libshutdown2.o)
    0x08000142   0x00000000   Code   RO         1645    .ARM.Collect$$libshutdown$$00000009  c_p.l(libshutdown2.o)
    0x08000142   0x00000000   Code   RO         1647    .ARM.Collect$$libshutdown$$0000000B  c_p.l(libshutdown2.o)
    0x08000142   0x00000000   Code   RO         1650    .ARM.Collect$$libshutdown$$0000000E  c_p.l(libshutdown2.o)
    0x08000142   0x00000002   Code   RO         1651    .ARM.Collect$$libshutdown$$0000000F  c_p.l(libshutdown2.o)
    0x08000144   0x00000002   Code   RO         1541    .ARM.Collect$$rtexit$$00000000  c_p.l(rtexit.o)
    0x08000146   0x00000000   Code   RO         1595    .ARM.Collect$$rtexit$$00000002  c_p.l(rtexit2.o)
    0x08000146   0x00000004   Code   RO         1596    .ARM.Collect$$rtexit$$00000003  c_p.l(rtexit2.o)
    0x0800014a   0x00000006   Code   RO         1597    .ARM.Collect$$rtexit$$00000004  c_p.l(rtexit2.o)
    0x08000150   0x00000024   Code   RO          234    .emb_text           rtx_conf_cm.o
    0x08000174   0x00000164   Code   RO         1506    .emb_text           RTX_CM0.lib(hal_cm0.o)
    0x080002d8   0x0000003c   Code   RO          321    .text               startup_stm32l053xx.o
    0x08000314   0x00000008   Code   RO         1521    .text               c_p.l(libspace.o)
    0x0800031c   0x0000003e   Code   RO         1524    .text               c_p.l(sys_stackheap_outer.o)
    0x0800035a   0x0000000c   Code   RO         1527    .text               c_p.l(exit.o)
    0x08000366   0x00000012   Code   RO         1529    .text               c_p.l(aeabi_memset.o)
    0x08000378   0x0000015a   Code   RO         1531    .text               c_p.l(aeabi_sdiv.o)
    0x080004d2   0x00000006   Code   RO         1535    .text               c_p.l(heapauxi.o)
    0x080004d8   0x00000040   Code   RO         1547    .text               c_p.l(rt_memclr.o)
    0x08000518   0x0000000c   Code   RO         1607    .text               c_p.l(sys_exit.o)
    0x08000524   0x00000002   Code   RO         1622    .text               c_p.l(use_no_semi.o)
    0x08000526   0x00000000   Code   RO         1624    .text               c_p.l(indicate_semi.o)
    0x08000526   0x00000002   PAD
    0x08000528   0x00000004   Code   RO         1516    SVC_TABLE           RTX_CM0.lib(svc_table.o)
    0x0800052c   0x0000001c   Code   RO           94    i.Configure_GPIO    hw_config.o
    0x08000548   0x00000034   Code   RO           95    i.Configure_GPIO_LED  hw_config.o
    0x0800057c   0x00000040   Code   RO           96    i.DMA1_Channel2_3_IRQHandler  hw_config.o
    0x080005bc   0x00000048   Code   RO           97    i.DMA1_Channel4_5_6_7_IRQHandler  hw_config.o
    0x08000604   0x00000084   Code   RO           98    i.Init_AD_line      hw_config.o
    0x08000688   0x000000c8   Code   RO           99    i.Init_Core         hw_config.o
    0x08000750   0x0000001c   Code   RO          100    i.Init_Hardware     hw_config.o
    0x0800076c   0x00000024   Code   RO          101    i.Init_Interrupts   hw_config.o
    0x08000790   0x000000e8   Code   RO          170    i.Init_SIM800       sim800h.o
    0x08000878   0x00000094   Code   RO          102    i.Init_SIM800_line  hw_config.o
    0x0800090c   0x00000128   Code   RO            3    i.MainTask          main.o
    0x08000a34   0x00000044   Code   RO          103    i.NVIC_SetPriority  hw_config.o
    0x08000a78   0x0000002c   Code   RO          204    i.RX2_Clear         hw_io.o
    0x08000aa4   0x0000002c   Code   RO          205    i.RX_Clear          hw_io.o
    0x08000ad0   0x000001b4   Code   RO            4    i.ReadADTask        main.o
    0x08000c84   0x00000114   Code   RO            5    i.Rx_Blink          main.o
    0x08000d98   0x00000040   Code   RO          206    i.SIM800_Command    hw_io.o
    0x08000dd8   0x00000054   Code   RO          328    i.SystemInit        system_stm32l0xx.o
    0x08000e2c   0x0000001a   Code   RO           50    i.__ARM_common_switch8  main.o
    0x08000e46   0x00000048   Code   RO         1429    i._init_box         RTX_CM0.lib(rt_membox.o)
    0x08000e8e   0x00000002   PAD
    0x08000e90   0x00000024   Code   RO          236    i._mutex_acquire    rtx_conf_cm.o
    0x08000eb4   0x0000001c   Code   RO          238    i._mutex_release    rtx_conf_cm.o
    0x08000ed0   0x0000002c   Code   RO            6    i.crc16             main.o
    0x08000efc   0x00000030   Code   RO          362    i.isrMessagePut     RTX_CM0.lib(rt_cmsis.o)
    0x08000f2c   0x0000000c   Code   RO         1285    i.isr_mbx_send      RTX_CM0.lib(rt_mailbox.o)
    0x08000f38   0x00000028   Code   RO            7    i.main              main.o
    0x08000f60   0x0000001c   Code   RO          363    i.osDelay           RTX_CM0.lib(rt_cmsis.o)
    0x08000f7c   0x00000028   Code   RO          364    i.osKernelInitialize  RTX_CM0.lib(rt_cmsis.o)
    0x08000fa4   0x0000006c   Code   RO          366    i.osKernelStart     RTX_CM0.lib(rt_cmsis.o)
    0x08001010   0x00000034   Code   RO          392    i.osThreadCreate    RTX_CM0.lib(rt_cmsis.o)
    0x08001044   0x00000018   Code   RO          393    i.osThreadExit      RTX_CM0.lib(rt_cmsis.o)
    0x0800105c   0x00000002   Code   RO          239    i.os_error          rtx_conf_cm.o
    0x0800105e   0x00000002   Code   RO          240    i.os_idle_demon     rtx_conf_cm.o
    0x08001060   0x0000002c   Code   RO         1076    i.os_tick_init      RTX_CM0.lib(rt_system.o)
    0x0800108c   0x00000002   Code   RO         1077    i.os_tick_irqack    RTX_CM0.lib(rt_system.o)
    0x0800108e   0x0000001e   Code   RO         1430    i.rt_alloc_box      RTX_CM0.lib(rt_membox.o)
    0x080010ac   0x00000042   Code   RO         1458    i.rt_alloc_mem      RTX_CM0.lib(rt_memory.o)
    0x080010ee   0x00000002   PAD
    0x080010f0   0x00000038   Code   RO          961    i.rt_block          RTX_CM0.lib(rt_task.o)
    0x08001128   0x00000044   Code   RO         1407    i.rt_chk_robin      RTX_CM0.lib(rt_robin.o)
    0x0800116c   0x00000074   Code   RO         1208    i.rt_dec_dly        RTX_CM0.lib(rt_list.o)
    0x080011e0   0x00000040   Code   RO          962    i.rt_dispatch       RTX_CM0.lib(rt_task.o)
    0x08001220   0x0000000a   Code   RO         1374    i.rt_dly_wait       RTX_CM0.lib(rt_time.o)
    0x0800122a   0x00000002   PAD
    0x0800122c   0x00000050   Code   RO         1169    i.rt_evt_psh        RTX_CM0.lib(rt_event.o)
    0x0800127c   0x00000026   Code   RO         1431    i.rt_free_box       RTX_CM0.lib(rt_membox.o)
    0x080012a2   0x00000030   Code   RO         1459    i.rt_free_mem       RTX_CM0.lib(rt_memory.o)
    0x080012d2   0x0000002a   Code   RO         1209    i.rt_get_first      RTX_CM0.lib(rt_list.o)
    0x080012fc   0x00000048   Code   RO          963    i.rt_init_context   RTX_CM0.lib(rt_task.o)
    0x08001344   0x0000001c   Code   RO         1460    i.rt_init_mem       RTX_CM0.lib(rt_memory.o)
    0x08001360   0x00000018   Code   RO         1408    i.rt_init_robin     RTX_CM0.lib(rt_robin.o)
    0x08001378   0x0000004c   Code   RO         1482    i.rt_init_stack     RTX_CM0.lib(hal_cm.o)
    0x080013c4   0x00000008   Code   RO         1286    i.rt_mbx_check      RTX_CM0.lib(rt_mailbox.o)
    0x080013cc   0x00000024   Code   RO         1287    i.rt_mbx_init       RTX_CM0.lib(rt_mailbox.o)
    0x080013f0   0x000000d0   Code   RO         1288    i.rt_mbx_psh        RTX_CM0.lib(rt_mailbox.o)
    0x080014c0   0x0000003c   Code   RO          410    i.rt_ms2tick        RTX_CM0.lib(rt_cmsis.o)
    0x080014fc   0x000000d8   Code   RO         1047    i.rt_mut_release    RTX_CM0.lib(rt_mutex.o)
    0x080015d4   0x00000070   Code   RO         1048    i.rt_mut_wait       RTX_CM0.lib(rt_mutex.o)
    0x08001644   0x00000070   Code   RO         1080    i.rt_pop_req        RTX_CM0.lib(rt_system.o)
    0x080016b4   0x00000020   Code   RO         1081    i.rt_psh_req        RTX_CM0.lib(rt_system.o)
    0x080016d4   0x00000040   Code   RO         1211    i.rt_psq_enq        RTX_CM0.lib(rt_list.o)
    0x08001714   0x00000050   Code   RO         1212    i.rt_put_dly        RTX_CM0.lib(rt_list.o)
    0x08001764   0x0000003c   Code   RO         1213    i.rt_put_prio       RTX_CM0.lib(rt_list.o)
    0x080017a0   0x00000014   Code   RO         1214    i.rt_put_rdy_first  RTX_CM0.lib(rt_list.o)
    0x080017b4   0x00000030   Code   RO         1215    i.rt_resort_prio    RTX_CM0.lib(rt_list.o)
    0x080017e4   0x00000006   Code   RO         1483    i.rt_ret_val        RTX_CM0.lib(hal_cm.o)
    0x080017ea   0x00000008   Code   RO         1484    i.rt_ret_val2       RTX_CM0.lib(hal_cm.o)
    0x080017f2   0x0000002a   Code   RO         1216    i.rt_rmv_dly        RTX_CM0.lib(rt_list.o)
    0x0800181c   0x00000034   Code   RO         1217    i.rt_rmv_list       RTX_CM0.lib(rt_list.o)
    0x08001850   0x00000034   Code   RO         1335    i.rt_sem_psh        RTX_CM0.lib(rt_semaphore.o)
    0x08001884   0x00000028   Code   RO         1083    i.rt_stk_check      RTX_CM0.lib(rt_system.o)
    0x080018ac   0x00000010   Code   RO          964    i.rt_switch_req     RTX_CM0.lib(rt_task.o)
    0x080018bc   0x000000c8   Code   RO          965    i.rt_sys_init       RTX_CM0.lib(rt_task.o)
    0x08001984   0x00000064   Code   RO          966    i.rt_sys_start      RTX_CM0.lib(rt_task.o)
    0x080019e8   0x0000003c   Code   RO         1085    i.rt_systick        RTX_CM0.lib(rt_system.o)
    0x08001a24   0x00000012   Code   RO          411    i.rt_tid2ptcb       RTX_CM0.lib(rt_cmsis.o)
    0x08001a36   0x00000002   PAD
    0x08001a38   0x0000003c   Code   RO          412    i.rt_timer_insert   RTX_CM0.lib(rt_cmsis.o)
    0x08001a74   0x00000070   Code   RO          967    i.rt_tsk_create     RTX_CM0.lib(rt_task.o)
    0x08001ae4   0x0000013c   Code   RO          968    i.rt_tsk_delete     RTX_CM0.lib(rt_task.o)
    0x08001c20   0x00000080   Code   RO          970    i.rt_tsk_prio       RTX_CM0.lib(rt_task.o)
    0x08001ca0   0x00000010   Code   RO          971    i.rt_tsk_self       RTX_CM0.lib(rt_task.o)
    0x08001cb0   0x00000014   Code   RO          414    i.svcDelay          RTX_CM0.lib(rt_cmsis.o)
    0x08001cc4   0x00000078   Code   RO          415    i.svcKernelInitialize  RTX_CM0.lib(rt_cmsis.o)
    0x08001d3c   0x00000048   Code   RO          417    i.svcKernelStart    RTX_CM0.lib(rt_cmsis.o)
    0x08001d84   0x0000002a   Code   RO          420    i.svcMessageCreate  RTX_CM0.lib(rt_cmsis.o)
    0x08001dae   0x00000002   PAD
    0x08001db0   0x00000078   Code   RO          435    i.svcThreadCreate   RTX_CM0.lib(rt_cmsis.o)
    0x08001e28   0x0000001c   Code   RO          436    i.svcThreadGetId    RTX_CM0.lib(rt_cmsis.o)
    0x08001e44   0x0000003c   Code   RO          439    i.svcThreadTerminate  RTX_CM0.lib(rt_cmsis.o)
    0x08001e80   0x0000004c   Code   RO          450    i.sysTimerTick      RTX_CM0.lib(rt_cmsis.o)
    0x08001ecc   0x00000230   Data   RO            9    .constdata          main.o
    0x080020fc   0x00000002   Data   RO          249    .constdata          rtx_conf_cm.o
    0x080020fe   0x00000002   PAD
    0x08002100   0x00000004   Data   RO          250    .constdata          rtx_conf_cm.o
    0x08002104   0x00000004   Data   RO          251    .constdata          rtx_conf_cm.o
    0x08002108   0x00000004   Data   RO          255    .constdata          rtx_conf_cm.o
    0x0800210c   0x00000001   Data   RO          256    .constdata          rtx_conf_cm.o
    0x0800210d   0x00000003   PAD
    0x08002110   0x00000010   Data   RO          257    .constdata          rtx_conf_cm.o
    0x08002120   0x00000002   Data   RO          258    .constdata          rtx_conf_cm.o
    0x08002122   0x00000002   PAD
    0x08002124   0x00000004   Data   RO          259    .constdata          rtx_conf_cm.o
    0x08002128   0x00000004   Data   RO          260    .constdata          rtx_conf_cm.o
    0x0800212c   0x00000001   Data   RO          261    .constdata          rtx_conf_cm.o
    0x0800212d   0x00000003   PAD
    0x08002130   0x00000008   Data   RO          262    .constdata          rtx_conf_cm.o
    0x08002138   0x00000002   Data   RO          263    .constdata          rtx_conf_cm.o
    0x0800213a   0x00000002   PAD
    0x0800213c   0x00000020   Data   RO         1676    Region$$Table       anon$$obj.o


    Execution Region RW_IRAM1 (Base: 0x20000000, Size: 0x00001060, Max: 0x00002000, ABSOLUTE)

    Base Addr    Size         Type   Attr      Idx    E Section Name        Object

    0x20000000   0x00000028   Data   RW           10    .data               main.o
    0x20000028   0x0000006e   Data   RW          174    .data               sim800h.o
    0x20000096   0x0000002b   Data   RW          176    .data               sim800h.o
    0x200000c1   0x0000000b   Data   RW          177    .data               sim800h.o
    0x200000cc   0x0000000c   Data   RW          178    .data               sim800h.o
    0x200000d8   0x00000001   Data   RW          179    .data               sim800h.o
    0x200000d9   0x00000003   PAD
    0x200000dc   0x00000004   Data   RW          265    .data               rtx_conf_cm.o
    0x200000e0   0x00000010   Data   RW          266    .data               rtx_conf_cm.o
    0x200000f0   0x00000004   Data   RW          267    .data               rtx_conf_cm.o
    0x200000f4   0x00000004   Data   RW          268    .data               rtx_conf_cm.o
    0x200000f8   0x00000008   Data   RW          453    .data               RTX_CM0.lib(rt_cmsis.o)
    0x20000100   0x00000008   Data   RW          973    .data               RTX_CM0.lib(rt_task.o)
    0x20000108   0x00000008   Data   RW         1088    .data               RTX_CM0.lib(rt_system.o)
    0x20000110   0x00000004   Data   RW         1378    .data               RTX_CM0.lib(rt_time.o)
    0x20000114   0x00000008   Data   RW         1409    .data               RTX_CM0.lib(rt_robin.o)
    0x2000011c   0x00000070   Zero   RW            8    .bss                main.o
    0x2000018c   0x0000000f   Zero   RW          171    .bss                sim800h.o
    0x2000019b   0x00000030   Zero   RW          172    .bss                sim800h.o
    0x200001cb   0x00000030   Zero   RW          173    .bss                sim800h.o
    0x200001fb   0x00000001   PAD
    0x200001fc   0x00000010   Zero   RW          241    .bss                rtx_conf_cm.o
    0x2000020c   0x00000010   Zero   RW          242    .bss                rtx_conf_cm.o
    0x2000021c   0x00000144   Zero   RW          243    .bss                rtx_conf_cm.o
    0x20000360   0x000004c0   Zero   RW          244    .bss                rtx_conf_cm.o
    0x20000820   0x000000e0   Zero   RW          245    .bss                rtx_conf_cm.o
    0x20000900   0x00000084   Zero   RW          246    .bss                rtx_conf_cm.o
    0x20000984   0x00000018   Zero   RW          247    .bss                rtx_conf_cm.o
    0x2000099c   0x00000034   Zero   RW          972    .bss                RTX_CM0.lib(rt_task.o)
    0x200009d0   0x00000030   Zero   RW         1218    .bss                RTX_CM0.lib(rt_list.o)
    0x20000a00   0x00000060   Zero   RW         1522    .bss                c_p.l(libspace.o)
    0x20000a60   0x00000200   Zero   RW          319    HEAP                startup_stm32l053xx.o
    0x20000c60   0x00000400   Zero   RW          318    STACK               startup_stm32l053xx.o


==============================================================================

Image component sizes


      Code (inc. data)   RO Data    RW Data    ZI Data      Debug   Object Name

       828         92          0          0          0      12644   hw_config.o
       152         24          0          0          0       1628   hw_io.o
      1118        110        560         40        112     125407   main.o
       104         28         52         28       1952       8835   rtx_conf_cm.o
       232         22          0        177        111       1907   sim800h.o
        60         28        192          0       1536        684   startup_stm32l053xx.o
        84         18          0          0          0        457   system_stm32l0xx.o

    ----------------------------------------------------------------------
      2578        322        848        248       3712     151562   Object Totals
         0          0         32          0          0          0   (incl. Generated)
         0          0         12          3          1          0   (incl. Padding)

    ----------------------------------------------------------------------

      Code (inc. data)   RO Data    RW Data    ZI Data      Debug   Library Member Name

        90          8          0          0          0       1171   hal_cm.o
       356         40          0          0          0        756   hal_cm0.o
       976        130          0          8          0      23817   rt_cmsis.o
        80          6          0          0          0        461   rt_event.o
       524         34          0          0         48       6285   rt_list.o
       264         10          0          0          0       1717   rt_mailbox.o
       140          0          0          0          0       1457   rt_membox.o
       142          0          0          0          0       1767   rt_memory.o
       328         16          0          0          0       1223   rt_mutex.o
        92         22          0          8          0        862   rt_robin.o
        52          4          0          0          0        417   rt_semaphore.o
       290         54          0          8          0       5083   rt_system.o
      1080        176          0          8         52       7409   rt_task.o
        10          0          0          4          0        496   rt_time.o
         4          4          0          0          0        124   svc_table.o
         8          0          0          0          0         68   __main.o
        60          8          0          0          0          0   __scatter.o
        26          0          0          0          0          0   __scatter_copy.o
        28          0          0          0          0          0   __scatter_zi.o
        18          0          0          0          0         68   aeabi_memset.o
       346          0          0          0          0         92   aeabi_sdiv.o
        12          0          0          0          0         64   exit.o
         6          0          0          0          0        136   heapauxi.o
         0          0          0          0          0          0   indicate_semi.o
         2          0          0          0          0          0   libinit.o
         2          0          0          0          0          0   libinit2.o
         2          0          0          0          0          0   libshutdown.o
         2          0          0          0          0          0   libshutdown2.o
         8          4          0          0         96         68   libspace.o
        64          0          0          0          0        108   rt_memclr.o
         2          0          0          0          0          0   rtexit.o
        10          0          0          0          0          0   rtexit2.o
        12          4          0          0          0         60   sys_exit.o
        62          0          0          0          0         80   sys_stackheap_outer.o
         2          0          0          0          0         68   use_no_semi.o

    ----------------------------------------------------------------------
      5114        520          0         36        196      53857   Library Totals
        14          0          0          0          0          0   (incl. Padding)

    ----------------------------------------------------------------------

      Code (inc. data)   RO Data    RW Data    ZI Data      Debug   Library Name

      4428        504          0         36        100      53045   RTX_CM0.lib
       672         16          0          0         96        812   c_p.l

    ----------------------------------------------------------------------
      5114        520          0         36        196      53857   Library Totals

    ----------------------------------------------------------------------

==============================================================================


      Code (inc. data)   RO Data    RW Data    ZI Data      Debug   

      7692        842        848        284       3908     201431   Grand Totals
      7692        842        848        284       3908     201431   ELF Image Totals
      7692        842        848        284          0          0   ROM Totals

==============================================================================

    Total RO  Size (Code + RO Data)                 8540 (   8.34kB)
    Total RW  Size (RW Data + ZI Data)              4192 (   4.09kB)
    Total ROM Size (Code + RO Data + RW Data)       8824 (   8.62kB)

==============================================================================

